###############################################################################
#
# IAR ELF Linker V9.32.1.338/W64 for ARM                  10/Mar/2026  19:52:18
# Copyright 2007-2022 IAR Systems AB.
#
#    Output file  =
#        C:\Users\bjtuj\Desktop\2026_Electric_Design_Main\EWARM\2026_Electric_Design_Main\Exe\2026_Electric_Design_Main.out
#    Map file     =
#        C:\Users\bjtuj\Desktop\2026_Electric_Design_Main\EWARM\2026_Electric_Design_Main\List\2026_Electric_Design_Main.map
#    Command line =
#        -f
#        C:\Users\bjtuj\Desktop\2026_Electric_Design_Main\EWARM\2026_Electric_Design_Main\Exe\2026_Electric_Design_Main.out.rsp
#        (C:\Users\bjtuj\Desktop\2026_Electric_Design_Main\EWARM\2026_Electric_Design_Main\Obj\Application\User\Core\adc.o
#        C:\Users\bjtuj\Desktop\2026_Electric_Design_Main\EWARM\2026_Electric_Design_Main\Obj\Application\User\Core\app_freertos.o
#        C:\Users\bjtuj\Desktop\2026_Electric_Design_Main\EWARM\2026_Electric_Design_Main\Obj\Middlewares\FreeRTOS\cmsis_os.o
#        C:\Users\bjtuj\Desktop\2026_Electric_Design_Main\EWARM\2026_Electric_Design_Main\Obj\Middlewares\FreeRTOS\croutine.o
#        C:\Users\bjtuj\Desktop\2026_Electric_Design_Main\EWARM\2026_Electric_Design_Main\Obj\Application\User\Core\dma.o
#        C:\Users\bjtuj\Desktop\2026_Electric_Design_Main\EWARM\2026_Electric_Design_Main\Obj\Middlewares\FreeRTOS\event_groups.o
#        C:\Users\bjtuj\Desktop\2026_Electric_Design_Main\EWARM\2026_Electric_Design_Main\Obj\Application\User\Core\gpio.o
#        C:\Users\bjtuj\Desktop\2026_Electric_Design_Main\EWARM\2026_Electric_Design_Main\Obj\Middlewares\FreeRTOS\heap_4.o
#        C:\Users\bjtuj\Desktop\2026_Electric_Design_Main\EWARM\2026_Electric_Design_Main\Obj\Application\User\Core\i2c.o
#        C:\Users\bjtuj\Desktop\2026_Electric_Design_Main\EWARM\2026_Electric_Design_Main\Obj\Middlewares\FreeRTOS\list.o
#        C:\Users\bjtuj\Desktop\2026_Electric_Design_Main\EWARM\2026_Electric_Design_Main\Obj\Application\User\Core\main.o
#        C:\Users\bjtuj\Desktop\2026_Electric_Design_Main\EWARM\2026_Electric_Design_Main\Obj\User\oled.o
#        C:\Users\bjtuj\Desktop\2026_Electric_Design_Main\EWARM\2026_Electric_Design_Main\Obj\Middlewares\FreeRTOS\port.o
#        C:\Users\bjtuj\Desktop\2026_Electric_Design_Main\EWARM\2026_Electric_Design_Main\Obj\Middlewares\FreeRTOS\portasm.o
#        C:\Users\bjtuj\Desktop\2026_Electric_Design_Main\EWARM\2026_Electric_Design_Main\Obj\Middlewares\FreeRTOS\queue.o
#        C:\Users\bjtuj\Desktop\2026_Electric_Design_Main\EWARM\2026_Electric_Design_Main\Obj\Application\EWARM\startup_stm32g474xx.o
#        C:\Users\bjtuj\Desktop\2026_Electric_Design_Main\EWARM\2026_Electric_Design_Main\Obj\Drivers\STM32G4xx_HAL_Driver\stm32g4xx_hal.o
#        C:\Users\bjtuj\Desktop\2026_Electric_Design_Main\EWARM\2026_Electric_Design_Main\Obj\Drivers\STM32G4xx_HAL_Driver\stm32g4xx_hal_adc.o
#        C:\Users\bjtuj\Desktop\2026_Electric_Design_Main\EWARM\2026_Electric_Design_Main\Obj\Drivers\STM32G4xx_HAL_Driver\stm32g4xx_hal_adc_ex.o
#        C:\Users\bjtuj\Desktop\2026_Electric_Design_Main\EWARM\2026_Electric_Design_Main\Obj\Drivers\STM32G4xx_HAL_Driver\stm32g4xx_hal_cortex.o
#        C:\Users\bjtuj\Desktop\2026_Electric_Design_Main\EWARM\2026_Electric_Design_Main\Obj\Drivers\STM32G4xx_HAL_Driver\stm32g4xx_hal_dma.o
#        C:\Users\bjtuj\Desktop\2026_Electric_Design_Main\EWARM\2026_Electric_Design_Main\Obj\Drivers\STM32G4xx_HAL_Driver\stm32g4xx_hal_dma_ex.o
#        C:\Users\bjtuj\Desktop\2026_Electric_Design_Main\EWARM\2026_Electric_Design_Main\Obj\Drivers\STM32G4xx_HAL_Driver\stm32g4xx_hal_exti.o
#        C:\Users\bjtuj\Desktop\2026_Electric_Design_Main\EWARM\2026_Electric_Design_Main\Obj\Drivers\STM32G4xx_HAL_Driver\stm32g4xx_hal_flash.o
#        C:\Users\bjtuj\Desktop\2026_Electric_Design_Main\EWARM\2026_Electric_Design_Main\Obj\Drivers\STM32G4xx_HAL_Driver\stm32g4xx_hal_flash_ex.o
#        C:\Users\bjtuj\Desktop\2026_Electric_Design_Main\EWARM\2026_Electric_Design_Main\Obj\Drivers\STM32G4xx_HAL_Driver\stm32g4xx_hal_flash_ramfunc.o
#        C:\Users\bjtuj\Desktop\2026_Electric_Design_Main\EWARM\2026_Electric_Design_Main\Obj\Drivers\STM32G4xx_HAL_Driver\stm32g4xx_hal_gpio.o
#        C:\Users\bjtuj\Desktop\2026_Electric_Design_Main\EWARM\2026_Electric_Design_Main\Obj\Drivers\STM32G4xx_HAL_Driver\stm32g4xx_hal_i2c.o
#        C:\Users\bjtuj\Desktop\2026_Electric_Design_Main\EWARM\2026_Electric_Design_Main\Obj\Drivers\STM32G4xx_HAL_Driver\stm32g4xx_hal_i2c_ex.o
#        C:\Users\bjtuj\Desktop\2026_Electric_Design_Main\EWARM\2026_Electric_Design_Main\Obj\Application\User\Core\stm32g4xx_hal_msp.o
#        C:\Users\bjtuj\Desktop\2026_Electric_Design_Main\EWARM\2026_Electric_Design_Main\Obj\Drivers\STM32G4xx_HAL_Driver\stm32g4xx_hal_pwr.o
#        C:\Users\bjtuj\Desktop\2026_Electric_Design_Main\EWARM\2026_Electric_Design_Main\Obj\Drivers\STM32G4xx_HAL_Driver\stm32g4xx_hal_pwr_ex.o
#        C:\Users\bjtuj\Desktop\2026_Electric_Design_Main\EWARM\2026_Electric_Design_Main\Obj\Drivers\STM32G4xx_HAL_Driver\stm32g4xx_hal_rcc.o
#        C:\Users\bjtuj\Desktop\2026_Electric_Design_Main\EWARM\2026_Electric_Design_Main\Obj\Drivers\STM32G4xx_HAL_Driver\stm32g4xx_hal_rcc_ex.o
#        C:\Users\bjtuj\Desktop\2026_Electric_Design_Main\EWARM\2026_Electric_Design_Main\Obj\Drivers\STM32G4xx_HAL_Driver\stm32g4xx_hal_tim.o
#        C:\Users\bjtuj\Desktop\2026_Electric_Design_Main\EWARM\2026_Electric_Design_Main\Obj\Drivers\STM32G4xx_HAL_Driver\stm32g4xx_hal_tim_ex.o
#        C:\Users\bjtuj\Desktop\2026_Electric_Design_Main\EWARM\2026_Electric_Design_Main\Obj\Application\User\Core\stm32g4xx_hal_timebase_tim.o
#        C:\Users\bjtuj\Desktop\2026_Electric_Design_Main\EWARM\2026_Electric_Design_Main\Obj\Application\User\Core\stm32g4xx_it.o
#        C:\Users\bjtuj\Desktop\2026_Electric_Design_Main\EWARM\2026_Electric_Design_Main\Obj\Drivers\STM32G4xx_HAL_Driver\stm32g4xx_ll_adc.o
#        C:\Users\bjtuj\Desktop\2026_Electric_Design_Main\EWARM\2026_Electric_Design_Main\Obj\Middlewares\FreeRTOS\stream_buffer.o
#        C:\Users\bjtuj\Desktop\2026_Electric_Design_Main\EWARM\2026_Electric_Design_Main\Obj\Drivers\CMSIS\system_stm32g4xx.o
#        C:\Users\bjtuj\Desktop\2026_Electric_Design_Main\EWARM\2026_Electric_Design_Main\Obj\Middlewares\FreeRTOS\tasks.o
#        C:\Users\bjtuj\Desktop\2026_Electric_Design_Main\EWARM\2026_Electric_Design_Main\Obj\Middlewares\FreeRTOS\timers.o
#        C:\Users\bjtuj\Desktop\2026_Electric_Design_Main\EWARM\2026_Electric_Design_Main\Obj\User\user.o
#        --no_out_extension -o
#        C:\Users\bjtuj\Desktop\2026_Electric_Design_Main\EWARM\2026_Electric_Design_Main\Exe\2026_Electric_Design_Main.out
#        --redirect _Printf=_PrintfFullNoMb --redirect _Scanf=_ScanfFullNoMb
#        --map
#        C:\Users\bjtuj\Desktop\2026_Electric_Design_Main\EWARM\2026_Electric_Design_Main\List\2026_Electric_Design_Main.map
#        --config
#        C:\Users\bjtuj\Desktop\2026_Electric_Design_Main\EWARM/stm32g474xx_flash.icf
#        --semihosting --entry __iar_program_start --vfe --text_out locale
#        --cpu=Cortex-M4 --fpu=VFPv4_sp)
#
###############################################################################

*******************************************************************************
*** RUNTIME MODEL ATTRIBUTES
***

CppFlavor       = *
__CPP_Runtime   = 1
__SystemLibrary = DLib
__dlib_version  = 6


*******************************************************************************
*** HEAP SELECTION
***

The basic heap was selected because --advanced_heap
was not specified and the application did not appear to
be primarily optimized for speed.


*******************************************************************************
*** PLACEMENT SUMMARY
***

"A0":  place at address 0x800'0000 { ro section .intvec };
"P1":  place in [from 0x800'0000 to 0x807'ffff] { ro };
define block CSTACK with size = 1K, alignment = 8 { };
define block HEAP with size = 512, alignment = 8 { };
"P2":  place in [from 0x2000'0000 to 0x2001'ffff] {
          rw, block CSTACK, block HEAP };
initialize by copy { rw };

  Section            Kind         Address    Size  Object
  -------            ----         -------    ----  ------
"A0":                                       0x1d8
  .intvec            ro code   0x800'0000   0x1d8  startup_stm32g474xx.o [1]
                             - 0x800'01d8   0x1d8

"P1":                                      0x82af
  .rodata            const     0x800'01d8  0x17c0  oled.o [6]
  .text              ro code   0x800'1998   0xeca  xprintffull_nomb.o [7]
  .text              ro code   0x800'2862    0x7e  lz77_init_single.o [9]
  .text              ro code   0x800'28e0    0x16  strchr.o [9]
  .text              ro code   0x800'28f6     0xa  xsprout.o [7]
  .text              ro code   0x800'2900    0x40  xfail_s.o [7]
  .text              ro code   0x800'2940    0x36  strlen.o [9]
  .rodata            const     0x800'2976     0x2  xlocale_c.o [7]
  .text              ro code   0x800'2978    0x58  memchr.o [9]
  .text              ro code   0x800'29d0    0x18  ABImemcpy_small.o [9]
  .text              ro code   0x800'29e8    0x70  frexp.o [8]
  .text              ro code   0x800'2a58    0x34  DblCmpLe.o [8]
  .text              ro code   0x800'2a8c    0x34  DblCmpGe.o [8]
  .text              ro code   0x800'2ac0   0x13a  ldexp.o [8]
  .rodata            const     0x800'2bfa     0x1  xlocale_c.o [7]
  .text              ro code   0x800'2bfc    0x36  DblToS32.o [8]
  .text              ro code   0x800'2c34    0x22  S32ToDbl.o [8]
  .text              ro code   0x800'2c58   0x25e  DblAddSub.o [8]
  .text              ro code   0x800'2eb8   0x246  DblDiv.o [8]
  .text              ro code   0x800'3100    0x22  DblToU32.o [8]
  .text              ro code   0x800'3124    0x1c  U32ToDbl.o [8]
  .text              ro code   0x800'3140   0x1aa  DblMul.o [8]
  .text              ro code   0x800'32ec     0x8  xlocale_c.o [7]
  .text              ro code   0x800'32f4   0x230  I64DivMod.o [9]
  .text              ro code   0x800'3524     0x6  abort.o [7]
  .text              ro code   0x800'352c     0x2  I64DivZer.o [9]
  .text              ro code   0x800'3530    0x14  exit.o [10]
  .text              ro code   0x800'3544   0x8f8  stm32g4xx_hal_adc.o [4]
  .text              ro code   0x800'3e3c   0x3a4  adc.o [2]
  .text              ro code   0x800'41e0   0x2d8  stm32g4xx_hal_dma.o [4]
  .text              ro code   0x800'44b8     0xc  stm32g4xx_hal.o [4]
  .text              ro code   0x800'44c4     0x2  stm32g4xx_hal_adc.o [4]
  .text              ro code   0x800'44c6     0x2  stm32g4xx_hal_adc.o [4]
  .text              ro code   0x800'44c8     0x2  stm32g4xx_hal_adc.o [4]
  .text              ro code   0x800'44cc   0x154  main.o [2]
  .text              ro code   0x800'4620   0x154  stm32g4xx_hal_adc_ex.o [4]
  .text              ro code   0x800'4774    0x14  memset.o [9]
  .text              ro code   0x800'4788   0x1f4  stm32g4xx_hal_gpio.o [4]
  .text              ro code   0x800'497c   0x28c  stm32g4xx_hal_rcc_ex.o [4]
  .text              ro code   0x800'4c08    0x1e  stm32g4xx_hal.o [4]
  .text              ro code   0x800'4c28   0x104  gpio.o [2]
  .text              ro code   0x800'4d2c    0x70  dma.o [2]
  .text              ro code   0x800'4d9c   0x10c  i2c.o [2]
  .text              ro code   0x800'4ea8   0x514  oled.o [6]
  .text              ro code   0x800'53bc    0x28  stm32g4xx_hal.o [4]
  .text              ro code   0x800'53e4   0x396  user.o [6]
  .text              ro code   0x800'577c   0x824  app_freertos.o [2]
  .text              ro code   0x800'5fa0    0x52  cmsis_os.o [5]
  .text              ro code   0x800'5ff4    0xac  stm32g4xx_hal_pwr_ex.o [4]
  .text              ro code   0x800'60a0   0x64c  stm32g4xx_hal_rcc.o [4]
  .text              ro code   0x800'66ec    0x10  stm32g4xx_hal.o [4]
  .text              ro code   0x800'66fc    0x12  ABImemset_small.o [9]
  .text              ro code   0x800'6710    0x9c  stm32g4xx_hal_cortex.o [4]
  .text              ro code   0x800'67ac    0x8c  stm32g4xx_hal_timebase_tim.o [2]
  .text              ro code   0x800'6838    0x40  stm32g4xx_hal_msp.o [2]
  .text              ro code   0x800'6878   0x4c8  stm32g4xx_hal_i2c.o [4]
  .text              ro code   0x800'6d40    0x7e  stm32g4xx_hal_i2c_ex.o [4]
  .text              ro code   0x800'6dc0    0x48  FltToDbl.o [8]
  .text              ro code   0x800'6e08    0x40  sprintf.o [7]
  .text              ro code   0x800'6e48    0x68  DblToFlt.o [8]
  .text              ro code   0x800'6eb0    0x46  U64ToDbl.o [8]
  .text              ro code   0x800'6ef8   0x102  sqrt.o [8]
  .text              ro code   0x800'6ffc   0x4d8  tasks.o [5]
  .text              ro code   0x800'74d4   0x380  stm32g4xx_hal_tim.o [4]
  .text              ro code   0x800'7854   0x1b0  heap_4.o [5]
  .text              ro code   0x800'7a04    0x92  list.o [5]
  .text              ro code   0x800'7a98   0x18a  port.o [5]
  .text              ro code   0x800'7c22     0x2  stm32g4xx_hal_tim.o [4]
  .text              ro code   0x800'7c24     0x2  stm32g4xx_hal_tim.o [4]
  .text              ro code   0x800'7c26     0x2  stm32g4xx_hal_tim.o [4]
  .text              ro code   0x800'7c28     0x2  stm32g4xx_hal_tim_ex.o [4]
  .text              ro code   0x800'7c2a     0x2  stm32g4xx_hal_tim_ex.o [4]
  .text              ro code   0x800'7c2c     0x2  stm32g4xx_hal_tim.o [4]
  .text              ro code   0x800'7c2e     0x2  stm32g4xx_hal_tim_ex.o [4]
  .text              ro code   0x800'7c30     0x2  stm32g4xx_hal_tim_ex.o [4]
  .text              ro code   0x800'7c32     0x2  stm32g4xx_hal_tim_ex.o [4]
  .text              ro code   0x800'7c34     0x2  stm32g4xx_hal_tim_ex.o [4]
  .text              ro code   0x800'7c36     0x2  stm32g4xx_hal_tim_ex.o [4]
  .text              ro code   0x800'7c38     0x2  stm32g4xx_hal_tim.o [4]
  .text              ro code   0x800'7c3c    0x28  port.o [5]
  CODE               ro code   0x800'7c64    0xb0  portasm.o [5]
  .text              ro code   0x800'7d14    0x40  stm32g4xx_it.o [2]
  .text              ro code   0x800'7d54    0x38  zero_init3.o [9]
  .text              ro code   0x800'7d8c    0x28  data_init.o [9]
  .text              ro code   0x800'7db4    0x22  fpinit_M.o [8]
  .iar.init_table    const     0x800'7dd8    0x20  - Linker created -
  .text              ro code   0x800'7df8    0x20  system_stm32g4xx.o [3]
  .text              ro code   0x800'7e18    0x1e  cmain.o [9]
  .text              ro code   0x800'7e36     0x4  low_level_init.o [7]
  .text              ro code   0x800'7e3a     0x4  exit.o [7]
  .text              ro code   0x800'7e40     0xa  cexit.o [9]
  .text              ro code   0x800'7e4c    0x1c  cstartup_M.o [9]
  .rodata            const     0x800'7e68    0x10  app_freertos.o [2]
  .text              ro code   0x800'7e78    0x10  startup_stm32g474xx.o [1]
  .rodata            const     0x800'7e88     0xc  app_freertos.o [2]
  .rodata            const     0x800'7e94     0x8  system_stm32g4xx.o [3]
  .rodata            const     0x800'7e9c     0x4  app_freertos.o [2]
  .text              ro code   0x800'7ea0     0x4  startup_stm32g474xx.o [1]
  .text              ro code   0x800'7ea4     0x4  startup_stm32g474xx.o [1]
  .text              ro code   0x800'7ea8     0x4  startup_stm32g474xx.o [1]
  .text              ro code   0x800'7eac     0x4  startup_stm32g474xx.o [1]
  .text              ro code   0x800'7eb0     0x4  startup_stm32g474xx.o [1]
  .text              ro code   0x800'7eb4     0x4  startup_stm32g474xx.o [1]
  .text              ro code   0x800'7eb8     0x4  startup_stm32g474xx.o [1]
  .text              ro code   0x800'7ebc     0x4  startup_stm32g474xx.o [1]
  .text              ro code   0x800'7ec0     0x4  startup_stm32g474xx.o [1]
  .text              ro code   0x800'7ec4     0x4  startup_stm32g474xx.o [1]
  .text              ro code   0x800'7ec8     0x4  startup_stm32g474xx.o [1]
  .text              ro code   0x800'7ecc     0x4  startup_stm32g474xx.o [1]
  .text              ro code   0x800'7ed0     0x4  startup_stm32g474xx.o [1]
  .text              ro code   0x800'7ed4     0x4  startup_stm32g474xx.o [1]
  .text              ro code   0x800'7ed8     0x4  startup_stm32g474xx.o [1]
  .text              ro code   0x800'7edc     0x4  startup_stm32g474xx.o [1]
  .text              ro code   0x800'7ee0     0x4  startup_stm32g474xx.o [1]
  .text              ro code   0x800'7ee4     0x4  startup_stm32g474xx.o [1]
  .text              ro code   0x800'7ee8     0x4  startup_stm32g474xx.o [1]
  .text              ro code   0x800'7eec     0x4  startup_stm32g474xx.o [1]
  .text              ro code   0x800'7ef0     0x4  startup_stm32g474xx.o [1]
  .text              ro code   0x800'7ef4     0x4  startup_stm32g474xx.o [1]
  .text              ro code   0x800'7ef8     0x4  startup_stm32g474xx.o [1]
  .text              ro code   0x800'7efc     0x4  startup_stm32g474xx.o [1]
  .text              ro code   0x800'7f00     0x4  startup_stm32g474xx.o [1]
  .text              ro code   0x800'7f04     0x4  startup_stm32g474xx.o [1]
  .text              ro code   0x800'7f08     0x4  startup_stm32g474xx.o [1]
  .text              ro code   0x800'7f0c     0x4  startup_stm32g474xx.o [1]
  .text              ro code   0x800'7f10     0x4  startup_stm32g474xx.o [1]
  .text              ro code   0x800'7f14     0x4  startup_stm32g474xx.o [1]
  .text              ro code   0x800'7f18     0x4  startup_stm32g474xx.o [1]
  .text              ro code   0x800'7f1c     0x4  startup_stm32g474xx.o [1]
  .text              ro code   0x800'7f20     0x4  startup_stm32g474xx.o [1]
  .text              ro code   0x800'7f24     0x4  startup_stm32g474xx.o [1]
  .text              ro code   0x800'7f28     0x4  startup_stm32g474xx.o [1]
  .text              ro code   0x800'7f2c     0x4  startup_stm32g474xx.o [1]
  .text              ro code   0x800'7f30     0x4  startup_stm32g474xx.o [1]
  .text              ro code   0x800'7f34     0x4  startup_stm32g474xx.o [1]
  .text              ro code   0x800'7f38     0x4  startup_stm32g474xx.o [1]
  .text              ro code   0x800'7f3c     0x4  startup_stm32g474xx.o [1]
  .text              ro code   0x800'7f40     0x4  startup_stm32g474xx.o [1]
  .text              ro code   0x800'7f44     0x4  startup_stm32g474xx.o [1]
  .text              ro code   0x800'7f48     0x4  startup_stm32g474xx.o [1]
  .text              ro code   0x800'7f4c     0x4  startup_stm32g474xx.o [1]
  .text              ro code   0x800'7f50     0x4  startup_stm32g474xx.o [1]
  .text              ro code   0x800'7f54     0x4  startup_stm32g474xx.o [1]
  .text              ro code   0x800'7f58     0x4  startup_stm32g474xx.o [1]
  .text              ro code   0x800'7f5c     0x4  startup_stm32g474xx.o [1]
  .text              ro code   0x800'7f60     0x4  startup_stm32g474xx.o [1]
  .text              ro code   0x800'7f64     0x4  startup_stm32g474xx.o [1]
  .text              ro code   0x800'7f68     0x4  startup_stm32g474xx.o [1]
  .text              ro code   0x800'7f6c     0x4  startup_stm32g474xx.o [1]
  .text              ro code   0x800'7f70     0x4  startup_stm32g474xx.o [1]
  .text              ro code   0x800'7f74     0x4  startup_stm32g474xx.o [1]
  .text              ro code   0x800'7f78     0x4  startup_stm32g474xx.o [1]
  .text              ro code   0x800'7f7c     0x4  startup_stm32g474xx.o [1]
  .text              ro code   0x800'7f80     0x4  startup_stm32g474xx.o [1]
  .text              ro code   0x800'7f84     0x4  startup_stm32g474xx.o [1]
  .text              ro code   0x800'7f88     0x4  startup_stm32g474xx.o [1]
  .text              ro code   0x800'7f8c     0x4  startup_stm32g474xx.o [1]
  .text              ro code   0x800'7f90     0x4  startup_stm32g474xx.o [1]
  .text              ro code   0x800'7f94     0x4  startup_stm32g474xx.o [1]
  .text              ro code   0x800'7f98     0x4  startup_stm32g474xx.o [1]
  .text              ro code   0x800'7f9c     0x4  startup_stm32g474xx.o [1]
  .text              ro code   0x800'7fa0     0x4  startup_stm32g474xx.o [1]
  .text              ro code   0x800'7fa4     0x4  startup_stm32g474xx.o [1]
  .text              ro code   0x800'7fa8     0x4  startup_stm32g474xx.o [1]
  .text              ro code   0x800'7fac     0x4  startup_stm32g474xx.o [1]
  .text              ro code   0x800'7fb0     0x4  startup_stm32g474xx.o [1]
  .text              ro code   0x800'7fb4     0x4  startup_stm32g474xx.o [1]
  .text              ro code   0x800'7fb8     0x4  startup_stm32g474xx.o [1]
  .text              ro code   0x800'7fbc     0x4  startup_stm32g474xx.o [1]
  .text              ro code   0x800'7fc0     0x4  startup_stm32g474xx.o [1]
  .text              ro code   0x800'7fc4     0x4  startup_stm32g474xx.o [1]
  .text              ro code   0x800'7fc8     0x4  startup_stm32g474xx.o [1]
  .text              ro code   0x800'7fcc     0x4  startup_stm32g474xx.o [1]
  .text              ro code   0x800'7fd0     0x4  startup_stm32g474xx.o [1]
  .text              ro code   0x800'7fd4     0x4  startup_stm32g474xx.o [1]
  .text              ro code   0x800'7fd8     0x4  startup_stm32g474xx.o [1]
  .text              ro code   0x800'7fdc     0x4  startup_stm32g474xx.o [1]
  .text              ro code   0x800'7fe0     0x4  startup_stm32g474xx.o [1]
  .text              ro code   0x800'7fe4     0x4  startup_stm32g474xx.o [1]
  .text              ro code   0x800'7fe8     0x4  startup_stm32g474xx.o [1]
  .text              ro code   0x800'7fec     0x4  startup_stm32g474xx.o [1]
  .text              ro code   0x800'7ff0     0x4  startup_stm32g474xx.o [1]
  .text              ro code   0x800'7ff4     0x4  startup_stm32g474xx.o [1]
  .text              ro code   0x800'7ff8     0x4  startup_stm32g474xx.o [1]
  .text              ro code   0x800'7ffc     0x4  startup_stm32g474xx.o [1]
  .text              ro code   0x800'8000     0x4  startup_stm32g474xx.o [1]
  .text              ro code   0x800'8004     0x4  startup_stm32g474xx.o [1]
  .text              ro code   0x800'8008     0x4  startup_stm32g474xx.o [1]
  .text              ro code   0x800'800c     0x4  startup_stm32g474xx.o [1]
  .text              ro code   0x800'8010     0x4  startup_stm32g474xx.o [1]
  .text              ro code   0x800'8014     0x4  startup_stm32g474xx.o [1]
  .text              ro code   0x800'8018     0x4  startup_stm32g474xx.o [1]
  .text              ro code   0x800'801c     0x4  startup_stm32g474xx.o [1]
  .rodata            const     0x800'8020     0x0  zero_init3.o [9]
  .rodata            const     0x800'8020     0x0  lz77_init_single.o [9]
  Initializer bytes  const     0x800'8020   0x465  <for P2-1>
                             - 0x800'8485  0x82ad

"P2", part 1 of 3:                         0x1864
  P2-1                        0x2000'0000  0x1864  <Init block>
    .data            inited   0x2000'0000    0x38  app_freertos.o [2]
    .data            inited   0x2000'0038  0x17d8  oled.o [6]
    .data            inited   0x2000'1810     0xc  port.o [5]
    .data            inited   0x2000'181c     0xc  stm32g4xx_hal.o [4]
    .data            inited   0x2000'1828     0x4  system_stm32g4xx.o [3]
    .data            inited   0x2000'182c    0x38  xlocale_c.o [7]
                            - 0x2000'1864  0x1864

"P2", part 2 of 3:                         0x34b0
  .bss               zero     0x2000'1864   0xfa0  main.o [2]
  .bss               zero     0x2000'2804   0xfa0  main.o [2]
  .bss               zero     0x2000'37a4   0xc20  heap_4.o [5]
  .bss               zero     0x2000'43c4   0x400  oled.o [6]
  .bss               zero     0x2000'47c4   0x180  adc.o [2]
  .bss               zero     0x2000'4944    0xa0  tasks.o [5]
  .bss               zero     0x2000'49e4    0x8c  tasks.o [5]
  .bss               zero     0x2000'4a70    0x6c  adc.o [2]
  .bss               zero     0x2000'4adc    0x6c  adc.o [2]
  .bss               zero     0x2000'4b48    0x6c  adc.o [2]
  .bss               zero     0x2000'4bb4    0x6c  adc.o [2]
  .bss               zero     0x2000'4c20    0x54  i2c.o [2]
  .bss               zero     0x2000'4c74    0x4c  stm32g4xx_hal_timebase_tim.o [2]
  .bss               zero     0x2000'4cc0     0xc  app_freertos.o [2]
  .bss               zero     0x2000'4ccc     0x8  adc.o [2]
  .bss               zero     0x2000'4cd4     0x8  app_freertos.o [2]
  .bss               zero     0x2000'4cdc     0x4  main.o [2]
  .bss               zero     0x2000'4ce0     0x4  main.o [2]
  .bss               zero     0x2000'4ce4     0x4  main.o [2]
  .bss               zero     0x2000'4ce8     0x4  main.o [2]
  .bss               zero     0x2000'4cec     0x4  main.o [2]
  .bss               zero     0x2000'4cf0     0x4  main.o [2]
  .bss               zero     0x2000'4cf4     0x4  main.o [2]
  .bss               zero     0x2000'4cf8     0x4  main.o [2]
  .bss               zero     0x2000'4cfc     0x4  main.o [2]
  .bss               zero     0x2000'4d00     0x4  main.o [2]
  .bss               zero     0x2000'4d04     0x4  main.o [2]
  .bss               zero     0x2000'4d08     0x4  main.o [2]
  .bss               zero     0x2000'4d0c     0x4  xfail_s.o [7]
  .bss               zero     0x2000'4d10     0x1  main.o [2]
  .bss               zero     0x2000'4d11     0x1  main.o [2]
  .bss               zero     0x2000'4d12     0x1  main.o [2]
                            - 0x2000'4d13  0x34af

"P2", part 3 of 3:                          0x400
  CSTACK                      0x2000'4d18   0x400  <Block>
    CSTACK           uninit   0x2000'4d18   0x400  <Block tail>
                            - 0x2000'5118   0x400

Unused ranges:

         From           To      Size
         ----           --      ----
   0x800'8487   0x807'ffff  0x7'7b79
  0x2000'4d14  0x2000'4d17       0x4
  0x2000'5118  0x2001'ffff  0x1'aee8


*******************************************************************************
*** INIT TABLE
***

          Address      Size
          -------      ----
Zero (__iar_zero_init3)
    1 destination range, total size 0x34af:
          0x2000'1864  0x34af

Copy/lz77 (__iar_lz77_init_single3)
    1 source range, total size 0x465 (18% of destination):
           0x800'8020   0x465
    1 destination range, total size 0x1864:
          0x2000'0000  0x1864



*******************************************************************************
*** MODULE SUMMARY
***

    Module                        ro code  ro data  rw data
    ------                        -------  -------  -------
command line/config:
    -------------------------------------------------------
    Total:

C:\Users\bjtuj\Desktop\2026_Electric_Design_Main\EWARM\2026_Electric_Design_Main\Obj\Application\EWARM: [1]
    startup_stm32g474xx.o             872
    -------------------------------------------------------
    Total:                            872

C:\Users\bjtuj\Desktop\2026_Electric_Design_Main\EWARM\2026_Electric_Design_Main\Obj\Application\User\Core: [2]
    adc.o                             932               824
    app_freertos.o                  2'084       42       76
    dma.o                             112
    gpio.o                            260
    i2c.o                             268                84
    main.o                            340             8'051
    stm32g4xx_hal_msp.o                64
    stm32g4xx_hal_timebase_tim.o      140                76
    stm32g4xx_it.o                     64
    -------------------------------------------------------
    Total:                          4'264       42    9'111

C:\Users\bjtuj\Desktop\2026_Electric_Design_Main\EWARM\2026_Electric_Design_Main\Obj\Drivers\CMSIS: [3]
    system_stm32g4xx.o                 32        8        4
    -------------------------------------------------------
    Total:                             32        8        4

C:\Users\bjtuj\Desktop\2026_Electric_Design_Main\EWARM\2026_Electric_Design_Main\Obj\Drivers\STM32G4xx_HAL_Driver: [4]
    stm32g4xx_hal.o                    98        2       12
    stm32g4xx_hal_adc.o             2'302
    stm32g4xx_hal_adc_ex.o            340
    stm32g4xx_hal_cortex.o            156
    stm32g4xx_hal_dma.o               728
    stm32g4xx_hal_gpio.o              500
    stm32g4xx_hal_i2c.o             1'224
    stm32g4xx_hal_i2c_ex.o            126
    stm32g4xx_hal_pwr_ex.o            172
    stm32g4xx_hal_rcc.o             1'612
    stm32g4xx_hal_rcc_ex.o            652
    stm32g4xx_hal_tim.o               906
    stm32g4xx_hal_tim_ex.o             14
    -------------------------------------------------------
    Total:                          8'830        2       12

C:\Users\bjtuj\Desktop\2026_Electric_Design_Main\EWARM\2026_Electric_Design_Main\Obj\Middlewares\FreeRTOS: [5]
    cmsis_os.o                         82
    heap_4.o                          432             3'104
    list.o                            146
    port.o                            434        3       12
    portasm.o                         176
    tasks.o                         1'240               300
    -------------------------------------------------------
    Total:                          2'510        3    3'416

C:\Users\bjtuj\Desktop\2026_Electric_Design_Main\EWARM\2026_Electric_Design_Main\Obj\User: [6]
    oled.o                          1'300    7'179    7'128
    user.o                            918
    -------------------------------------------------------
    Total:                          2'218    7'179    7'128

dl7M_tlf.a: [7]
    abort.o                             6
    exit.o                              4
    low_level_init.o                    4
    sprintf.o                          64
    xfail_s.o                          64                 4
    xlocale_c.o                         8       14       56
    xprintffull_nomb.o              3'786
    xsprout.o                          10
    -------------------------------------------------------
    Total:                          3'946       14       60

m7M_tls.a: [8]
    DblAddSub.o                       606
    DblCmpGe.o                         52
    DblCmpLe.o                         52
    DblDiv.o                          582
    DblMul.o                          426
    DblToFlt.o                        104
    DblToS32.o                         54
    DblToU32.o                         34
    FltToDbl.o                         72
    S32ToDbl.o                         34
    U32ToDbl.o                         28
    U64ToDbl.o                         70
    fpinit_M.o                         34
    frexp.o                           112
    ldexp.o                           314
    sqrt.o                            258
    -------------------------------------------------------
    Total:                          2'832

rt7M_tl.a: [9]
    ABImemcpy_small.o                  24
    ABImemset_small.o                  18
    I64DivMod.o                       560
    I64DivZer.o                         2
    cexit.o                            10
    cmain.o                            30
    cstartup_M.o                       28
    data_init.o                        40
    lz77_init_single.o                126
    memchr.o                           88
    memset.o                           20
    strchr.o                           22
    strlen.o                           54
    zero_init3.o                       56
    -------------------------------------------------------
    Total:                          1'078

shb_l.a: [10]
    exit.o                             20
    -------------------------------------------------------
    Total:                             20

    Gaps                               41        2
    Linker created                              32    1'024
-----------------------------------------------------------
    Grand Total:                   26'643    7'282   20'755


*******************************************************************************
*** ENTRY LIST
***

Entry                       Address    Size  Type      Object
-----                       -------    ----  ----      ------
.iar.init_table$$Base    0x800'7dd8           --   Gb  - Linker created -
.iar.init_table$$Limit   0x800'7df8           --   Gb  - Linker created -
?main                    0x800'7e19          Code  Gb  cmain.o [9]
ADC1_2_IRQHandler        0x800'7ed9          Code  Wk  startup_stm32g474xx.o [1]
ADC3_IRQHandler          0x800'7f49          Code  Wk  startup_stm32g474xx.o [1]
ADC4_IRQHandler          0x800'7f81          Code  Wk  startup_stm32g474xx.o [1]
ADC5_IRQHandler          0x800'7f85          Code  Wk  startup_stm32g474xx.o [1]
ADC_DMAConvCplt          0x800'3db5    0x6c  Code  Gb  stm32g4xx_hal_adc.o [4]
ADC_DMAError             0x800'3e27    0x16  Code  Gb  stm32g4xx_hal_adc.o [4]
ADC_DMAHalfConvCplt      0x800'3e21     0x6  Code  Gb  stm32g4xx_hal_adc.o [4]
ADC_Enable               0x800'3ccb    0x8e  Code  Gb  stm32g4xx_hal_adc.o [4]
AHBPrescTable            0x800'7e08    0x10  Data  Gb  system_stm32g4xx.o [3]
APBPrescTable            0x800'7e94     0x8  Data  Gb  system_stm32g4xx.o [3]
BusFault_Handler         0x800'7d1b     0x2  Code  Gb  stm32g4xx_it.o [2]
COMP1_2_3_IRQHandler     0x800'7f8d          Code  Wk  startup_stm32g474xx.o [1]
COMP4_5_6_IRQHandler     0x800'7f91          Code  Wk  startup_stm32g474xx.o [1]
COMP7_IRQHandler         0x800'7f95          Code  Wk  startup_stm32g474xx.o [1]
CORDIC_IRQHandler        0x800'8019          Code  Wk  startup_stm32g474xx.o [1]
CRS_IRQHandler           0x800'7fb9          Code  Wk  startup_stm32g474xx.o [1]
CSTACK$$Base            0x2000'4d18           --   Gb  - Linker created -
CSTACK$$Limit           0x2000'5118           --   Gb  - Linker created -
DMA1_Channel1_IRQHandler
                         0x800'7d21     0x6  Code  Gb  stm32g4xx_it.o [2]
DMA1_Channel2_IRQHandler
                         0x800'7d27     0x6  Code  Gb  stm32g4xx_it.o [2]
DMA1_Channel3_IRQHandler
                         0x800'7d2d     0x6  Code  Gb  stm32g4xx_it.o [2]
DMA1_Channel4_IRQHandler
                         0x800'7d33     0x6  Code  Gb  stm32g4xx_it.o [2]
DMA1_Channel5_IRQHandler
                         0x800'7ecd          Code  Wk  startup_stm32g474xx.o [1]
DMA1_Channel6_IRQHandler
                         0x800'7ed1          Code  Wk  startup_stm32g474xx.o [1]
DMA1_Channel7_IRQHandler
                         0x800'7ed5          Code  Wk  startup_stm32g474xx.o [1]
DMA1_Channel8_IRQHandler
                         0x800'8009          Code  Wk  startup_stm32g474xx.o [1]
DMA2_Channel1_IRQHandler
                         0x800'7f6d          Code  Wk  startup_stm32g474xx.o [1]
DMA2_Channel2_IRQHandler
                         0x800'7f71          Code  Wk  startup_stm32g474xx.o [1]
DMA2_Channel3_IRQHandler
                         0x800'7f75          Code  Wk  startup_stm32g474xx.o [1]
DMA2_Channel4_IRQHandler
                         0x800'7f79          Code  Wk  startup_stm32g474xx.o [1]
DMA2_Channel5_IRQHandler
                         0x800'7f7d          Code  Wk  startup_stm32g474xx.o [1]
DMA2_Channel6_IRQHandler
                         0x800'800d          Code  Wk  startup_stm32g474xx.o [1]
DMA2_Channel7_IRQHandler
                         0x800'8011          Code  Wk  startup_stm32g474xx.o [1]
DMA2_Channel8_IRQHandler
                         0x800'8015          Code  Wk  startup_stm32g474xx.o [1]
DMAMUX_OVR_IRQHandler    0x800'8001          Code  Wk  startup_stm32g474xx.o [1]
DMA_CalcDMAMUXChannelBaseAndMask
                         0x800'4443    0x36  Code  Lc  stm32g4xx_hal_dma.o [4]
DMA_CalcDMAMUXRequestGenBaseAndMask
                         0x800'4479    0x1c  Code  Lc  stm32g4xx_hal_dma.o [4]
DMA_SetConfig            0x800'440b    0x38  Code  Lc  stm32g4xx_hal_dma.o [4]
Data                     0x800'5865   0x5fa  Code  Gb  app_freertos.o [2]
Data_FuctionHandle      0x2000'4cc8     0x4  Data  Gb  app_freertos.o [2]
DebugMon_Handler         0x800'7d1f     0x2  Code  Gb  stm32g4xx_it.o [2]
EXTI0_IRQHandler         0x800'7eb9          Code  Wk  startup_stm32g474xx.o [1]
EXTI15_10_IRQHandler     0x800'7f2d          Code  Wk  startup_stm32g474xx.o [1]
EXTI1_IRQHandler         0x800'7ebd          Code  Wk  startup_stm32g474xx.o [1]
EXTI2_IRQHandler         0x800'7ec1          Code  Wk  startup_stm32g474xx.o [1]
EXTI3_IRQHandler         0x800'7ec5          Code  Wk  startup_stm32g474xx.o [1]
EXTI4_IRQHandler         0x800'7ec9          Code  Wk  startup_stm32g474xx.o [1]
EXTI9_5_IRQHandler       0x800'7eed          Code  Wk  startup_stm32g474xx.o [1]
Error_Handler            0x800'461d     0x4  Code  Gb  main.o [2]
FDCAN1_IT0_IRQHandler    0x800'7ee5          Code  Wk  startup_stm32g474xx.o [1]
FDCAN1_IT1_IRQHandler    0x800'7ee9          Code  Wk  startup_stm32g474xx.o [1]
FDCAN2_IT0_IRQHandler    0x800'7fe1          Code  Wk  startup_stm32g474xx.o [1]
FDCAN2_IT1_IRQHandler    0x800'7fe5          Code  Wk  startup_stm32g474xx.o [1]
FDCAN3_IT0_IRQHandler    0x800'7fe9          Code  Wk  startup_stm32g474xx.o [1]
FDCAN3_IT1_IRQHandler    0x800'7fed          Code  Wk  startup_stm32g474xx.o [1]
FLASH_IRQHandler         0x800'7eb1          Code  Wk  startup_stm32g474xx.o [1]
FMAC_IRQHandler          0x800'801d          Code  Wk  startup_stm32g474xx.o [1]
FMC_IRQHandler           0x800'7f4d          Code  Wk  startup_stm32g474xx.o [1]
FPU_IRQHandler           0x800'7fd1          Code  Wk  startup_stm32g474xx.o [1]
HAL_ADCEx_MultiModeConfigChannel
                         0x800'462f   0x120  Code  Gb  stm32g4xx_hal_adc_ex.o [4]
HAL_ADC_ConfigChannel    0x800'38e9   0x39e  Code  Gb  stm32g4xx_hal_adc.o [4]
HAL_ADC_ConvCpltCallback
                         0x800'44c5     0x2  Code  Wk  stm32g4xx_hal_adc.o [4]
HAL_ADC_ConvHalfCpltCallback
                         0x800'44c9     0x2  Code  Wk  stm32g4xx_hal_adc.o [4]
HAL_ADC_ErrorCallback    0x800'44c7     0x2  Code  Wk  stm32g4xx_hal_adc.o [4]
HAL_ADC_Init             0x800'3597   0x212  Code  Gb  stm32g4xx_hal_adc.o [4]
HAL_ADC_MspInit          0x800'3f5d   0x1ce  Code  Gb  adc.o [2]
HAL_ADC_Start_DMA        0x800'37a9    0xee  Code  Gb  stm32g4xx_hal_adc.o [4]
HAL_DMA_IRQHandler       0x800'4347    0xb2  Code  Gb  stm32g4xx_hal_dma.o [4]
HAL_DMA_Init             0x800'41e1    0x88  Code  Gb  stm32g4xx_hal_dma.o [4]
HAL_DMA_Start_IT         0x800'42b5    0x88  Code  Gb  stm32g4xx_hal_dma.o [4]
HAL_Delay                0x800'53bd    0x28  Code  Wk  stm32g4xx_hal.o [4]
HAL_GPIO_Init            0x800'4789   0x1bc  Code  Gb  stm32g4xx_hal_gpio.o [4]
HAL_GPIO_ReadPin         0x800'4945     0xc  Code  Gb  stm32g4xx_hal_gpio.o [4]
HAL_GPIO_WritePin        0x800'4951     0xa  Code  Gb  stm32g4xx_hal_gpio.o [4]
HAL_GetTick              0x800'44b9     0xc  Code  Wk  stm32g4xx_hal.o [4]
HAL_I2CEx_ConfigAnalogFilter
                         0x800'6d41    0x2a  Code  Gb  stm32g4xx_hal_i2c_ex.o [4]
HAL_I2CEx_ConfigDigitalFilter
                         0x800'6d6b    0x26  Code  Gb  stm32g4xx_hal_i2c_ex.o [4]
HAL_I2C_Init             0x800'6879    0xa8  Code  Gb  stm32g4xx_hal_i2c.o [4]
HAL_I2C_Mem_Write        0x800'6931    0xd2  Code  Gb  stm32g4xx_hal_i2c.o [4]
HAL_I2C_MspInit          0x800'4de9    0xaa  Code  Gb  i2c.o [2]
HAL_IncTick              0x800'66ed    0x10  Code  Wk  stm32g4xx_hal.o [4]
HAL_Init                 0x800'4c09    0x1e  Code  Gb  stm32g4xx_hal.o [4]
HAL_InitTick             0x800'67ad    0x78  Code  Gb  stm32g4xx_hal_timebase_tim.o [2]
HAL_MspInit              0x800'6839    0x40  Code  Gb  stm32g4xx_hal_msp.o [2]
HAL_NVIC_EnableIRQ       0x800'6781    0x16  Code  Gb  stm32g4xx_hal_cortex.o [4]
HAL_NVIC_SetPriority     0x800'6745    0x3a  Code  Gb  stm32g4xx_hal_cortex.o [4]
HAL_NVIC_SetPriorityGrouping
                         0x800'672b    0x1a  Code  Gb  stm32g4xx_hal_cortex.o [4]
HAL_PWREx_ControlVoltageScaling
                         0x800'5ff5    0x52  Code  Gb  stm32g4xx_hal_pwr_ex.o [4]
HAL_PWREx_DisableUCPDDeadBattery
                         0x800'607f     0x2  Code  Gb  stm32g4xx_hal_pwr_ex.o [4]
HAL_RCCEx_PeriphCLKConfig
                         0x800'497d   0x264  Code  Gb  stm32g4xx_hal_rcc_ex.o [4]
HAL_RCC_ADC12_CLK_ENABLED
                        0x2000'4ccc     0x4  Data  Lc  adc.o [2]
HAL_RCC_ADC345_CLK_ENABLED
                        0x2000'4cd0     0x4  Data  Lc  adc.o [2]
HAL_RCC_ClockConfig      0x800'645d   0x19e  Code  Gb  stm32g4xx_hal_rcc.o [4]
HAL_RCC_GetClockConfig   0x800'667d    0x36  Code  Gb  stm32g4xx_hal_rcc.o [4]
HAL_RCC_GetPCLK2Freq     0x800'6665     0xe  Code  Gb  stm32g4xx_hal_rcc.o [4]
HAL_RCC_GetSysClockFreq
                         0x800'6607    0x5e  Code  Gb  stm32g4xx_hal_rcc.o [4]
HAL_RCC_OscConfig        0x800'60a1   0x3a0  Code  Gb  stm32g4xx_hal_rcc.o [4]
HAL_TIMEx_Break2Callback
                         0x800'7c2b     0x2  Code  Wk  stm32g4xx_hal_tim_ex.o [4]
HAL_TIMEx_BreakCallback
                         0x800'7c29     0x2  Code  Wk  stm32g4xx_hal_tim_ex.o [4]
HAL_TIMEx_CommutCallback
                         0x800'7c2f     0x2  Code  Wk  stm32g4xx_hal_tim_ex.o [4]
HAL_TIMEx_DirectionChangeCallback
                         0x800'7c33     0x2  Code  Wk  stm32g4xx_hal_tim_ex.o [4]
HAL_TIMEx_EncoderIndexCallback
                         0x800'7c31     0x2  Code  Wk  stm32g4xx_hal_tim_ex.o [4]
HAL_TIMEx_IndexErrorCallback
                         0x800'7c35     0x2  Code  Wk  stm32g4xx_hal_tim_ex.o [4]
HAL_TIMEx_TransitionErrorCallback
                         0x800'7c37     0x2  Code  Wk  stm32g4xx_hal_tim_ex.o [4]
HAL_TIM_Base_Init        0x800'74d5    0x1a  Code  Gb  stm32g4xx_hal_tim.o [4]
HAL_TIM_Base_MspInit     0x800'7c23     0x2  Code  Wk  stm32g4xx_hal_tim.o [4]
HAL_TIM_Base_Start_IT    0x800'74ef    0x7e  Code  Gb  stm32g4xx_hal_tim.o [4]
HAL_TIM_IC_CaptureCallback
                         0x800'7c25     0x2  Code  Wk  stm32g4xx_hal_tim.o [4]
HAL_TIM_IRQHandler       0x800'75c1   0x19a  Code  Gb  stm32g4xx_hal_tim.o [4]
HAL_TIM_OC_DelayElapsedCallback
                         0x800'7c27     0x2  Code  Wk  stm32g4xx_hal_tim.o [4]
HAL_TIM_PWM_PulseFinishedCallback
                         0x800'7c39     0x2  Code  Wk  stm32g4xx_hal_tim.o [4]
HAL_TIM_PeriodElapsedCallback
                         0x800'4603     0xe  Code  Gb  main.o [2]
HAL_TIM_TriggerCallback
                         0x800'7c2d     0x2  Code  Wk  stm32g4xx_hal_tim.o [4]
HRTIM1_FLT_IRQHandler    0x800'7fb1          Code  Wk  startup_stm32g474xx.o [1]
HRTIM1_Master_IRQHandler
                         0x800'7f99          Code  Wk  startup_stm32g474xx.o [1]
HRTIM1_TIMA_IRQHandler   0x800'7f9d          Code  Wk  startup_stm32g474xx.o [1]
HRTIM1_TIMB_IRQHandler   0x800'7fa1          Code  Wk  startup_stm32g474xx.o [1]
HRTIM1_TIMC_IRQHandler   0x800'7fa5          Code  Wk  startup_stm32g474xx.o [1]
HRTIM1_TIMD_IRQHandler   0x800'7fa9          Code  Wk  startup_stm32g474xx.o [1]
HRTIM1_TIME_IRQHandler   0x800'7fad          Code  Wk  startup_stm32g474xx.o [1]
HRTIM1_TIMF_IRQHandler   0x800'7fb5          Code  Wk  startup_stm32g474xx.o [1]
HardFault_Handler        0x800'7d17     0x2  Code  Gb  stm32g4xx_it.o [2]
Hzk1                    0x2000'0038   0x500  Data  Gb  oled.o [6]
Hzk2                    0x2000'0538    0xd8  Data  Gb  oled.o [6]
Hzk3                    0x2000'0610   0x200  Data  Gb  oled.o [6]
Hzk4                    0x2000'0810  0x1000  Data  Gb  oled.o [6]
I2C1_ER_IRQHandler       0x800'7f0d          Code  Wk  startup_stm32g474xx.o [1]
I2C1_EV_IRQHandler       0x800'7f09          Code  Wk  startup_stm32g474xx.o [1]
I2C2_ER_IRQHandler       0x800'7f15          Code  Wk  startup_stm32g474xx.o [1]
I2C2_EV_IRQHandler       0x800'7f11          Code  Wk  startup_stm32g474xx.o [1]
I2C3_ER_IRQHandler       0x800'7ffd          Code  Wk  startup_stm32g474xx.o [1]
I2C3_EV_IRQHandler       0x800'7ff9          Code  Wk  startup_stm32g474xx.o [1]
I2C4_ER_IRQHandler       0x800'7fd9          Code  Wk  startup_stm32g474xx.o [1]
I2C4_EV_IRQHandler       0x800'7fd5          Code  Wk  startup_stm32g474xx.o [1]
I2C_Flush_TXDR           0x800'6b05    0x1c  Code  Lc  stm32g4xx_hal_i2c.o [4]
I2C_IsErrorOccurred      0x800'6c1d    0xea  Code  Lc  stm32g4xx_hal_i2c.o [4]
I2C_TransferConfig       0x800'6d13    0x26  Code  Lc  stm32g4xx_hal_i2c.o [4]
I2C_WaitOnFlagUntilTimeout
                         0x800'6b21    0x60  Code  Lc  stm32g4xx_hal_i2c.o [4]
I2C_WaitOnSTOPFlagUntilTimeout
                         0x800'6be3    0x3a  Code  Lc  stm32g4xx_hal_i2c.o [4]
I2C_WaitOnTXISFlagUntilTimeout
                         0x800'6b81    0x42  Code  Lc  stm32g4xx_hal_i2c.o [4]
KeyHandle               0x2000'4cc4     0x4  Data  Gb  app_freertos.o [2]
Key_Scan                 0x800'57b3    0xb0  Code  Gb  app_freertos.o [2]
Key_Scan{1}{2}::last_key
                        0x2000'4cd6     0x1  Data  Lc  app_freertos.o [2]
LL_ADC_GetOffsetChannel
                         0x800'3545     0xe  Code  Lc  stm32g4xx_hal_adc.o [4]
LL_ADC_REG_IsTriggerSourceSWStart
                         0x800'3565     0xe  Code  Lc  stm32g4xx_hal_adc.o [4]
LL_ADC_SetChannelSamplingTime
                         0x800'3573    0x24  Code  Lc  stm32g4xx_hal_adc.o [4]
LL_ADC_SetOffsetState    0x800'3553    0x12  Code  Lc  stm32g4xx_hal_adc.o [4]
LPTIM1_IRQHandler        0x800'7f51          Code  Wk  startup_stm32g474xx.o [1]
LPUART1_IRQHandler       0x800'7ff5          Code  Wk  startup_stm32g474xx.o [1]
MX_ADC1_Init             0x800'3e3d    0x2e  Code  Gb  adc.o [2]
MX_ADC2_Init             0x800'3e6b    0x20  Code  Gb  adc.o [2]
MX_ADC3_Init             0x800'3e8b    0x2c  Code  Gb  adc.o [2]
MX_ADC4_Init             0x800'3f19    0x18  Code  Gb  adc.o [2]
MX_DMA_Init              0x800'4d2d    0x70  Code  Gb  dma.o [2]
MX_FREERTOS_Init         0x800'577d    0x2c  Code  Gb  app_freertos.o [2]
MX_FREERTOS_Init::os_thread_def_Data_Fuction
                         0x800'5f8c    0x14  Data  Lc  app_freertos.o [2]
MX_FREERTOS_Init::os_thread_def_Key
                         0x800'5f78    0x14  Data  Lc  app_freertos.o [2]
MX_FREERTOS_Init::os_thread_def_defaultTask
                         0x800'5f64    0x14  Data  Lc  app_freertos.o [2]
MX_GPIO_Init             0x800'4c29    0xda  Code  Gb  gpio.o [2]
MX_I2C1_Init             0x800'4d9d    0x4c  Code  Gb  i2c.o [2]
MemManage_Handler        0x800'7d19     0x2  Code  Gb  stm32g4xx_it.o [2]
Mode_show                0x800'53e5   0x28a  Code  Gb  user.o [6]
NMI_Handler              0x800'7d15     0x2  Code  Gb  stm32g4xx_it.o [2]
OLED_Clear               0x800'4f45    0x14  Code  Gb  oled.o [6]
OLED_ClearPoint          0x800'4fb3    0x2c  Code  Gb  oled.o [6]
OLED_ColorTurn           0x800'4edd    0x16  Code  Gb  oled.o [6]
OLED_DrawPoint           0x800'4f75    0x3e  Code  Gb  oled.o [6]
OLED_Fill                0x800'4fdf    0x30  Code  Gb  oled.o [6]
OLED_GRAM               0x2000'43c4   0x400  Data  Gb  oled.o [6]
OLED_Init                0x800'5201    0xcc  Code  Gb  oled.o [6]
OLED_Refresh_Gram        0x800'4f03    0x42  Code  Gb  oled.o [6]
OLED_ShowChar            0x800'500f    0xb6  Code  Gb  oled.o [6]
OLED_ShowChinese         0x800'50c5    0xec  Code  Gb  oled.o [6]
OLED_ShowString          0x800'51b1    0x50  Code  Gb  oled.o [6]
OLED_WR_Byte             0x800'4ef3     0xa  Code  Gb  oled.o [6]
PVD_PVM_IRQHandler       0x800'7ea5          Code  Wk  startup_stm32g474xx.o [1]
PendSV_Handler           0x800'7c65          Code  Gb  portasm.o [5]
QUADSPI_IRQHandler       0x800'8005          Code  Wk  startup_stm32g474xx.o [1]
RCC_IRQHandler           0x800'7eb5          Code  Wk  startup_stm32g474xx.o [1]
RNG_IRQHandler           0x800'7ff1          Code  Wk  startup_stm32g474xx.o [1]
RTC_Alarm_IRQHandler     0x800'7f31          Code  Wk  startup_stm32g474xx.o [1]
RTC_TAMP_LSECSS_IRQHandler
                         0x800'7ea9          Code  Wk  startup_stm32g474xx.o [1]
RTC_WKUP_IRQHandler      0x800'7ead          Code  Wk  startup_stm32g474xx.o [1]
Region$$Table$$Base      0x800'7dd8           --   Gb  - Linker created -
Region$$Table$$Limit     0x800'7df8           --   Gb  - Linker created -
Reset_Handler            0x800'7e79          Code  Wk  startup_stm32g474xx.o [1]
Rk_table                0x2000'0024    0x10  Data  Gb  app_freertos.o [2]
SAI1_IRQHandler          0x800'7fbd          Code  Wk  startup_stm32g474xx.o [1]
SPI1_IRQHandler          0x800'7f19          Code  Wk  startup_stm32g474xx.o [1]
SPI2_IRQHandler          0x800'7f1d          Code  Wk  startup_stm32g474xx.o [1]
SPI3_IRQHandler          0x800'7f59          Code  Wk  startup_stm32g474xx.o [1]
SPI4_IRQHandler          0x800'7fdd          Code  Wk  startup_stm32g474xx.o [1]
SVC_Handler              0x800'7cbd          Code  Gb  portasm.o [5]
StartDefaultTask         0x800'57a9     0xa  Code  Gb  app_freertos.o [2]
SysTick_Handler          0x800'7bd1    0x26  Code  Gb  port.o [5]
SystemClock_Config       0x800'4593    0x70  Code  Gb  main.o [2]
SystemCoreClock         0x2000'1828     0x4  Data  Gb  system_stm32g4xx.o [3]
SystemInit               0x800'7df9     0xc  Code  Gb  system_stm32g4xx.o [3]
TIM1_BRK_TIM15_IRQHandler
                         0x800'7ef1          Code  Wk  startup_stm32g474xx.o [1]
TIM1_CC_IRQHandler       0x800'7ef9          Code  Wk  startup_stm32g474xx.o [1]
TIM1_TRG_COM_TIM17_IRQHandler
                         0x800'7ef5          Code  Wk  startup_stm32g474xx.o [1]
TIM1_UP_TIM16_IRQHandler
                         0x800'7d39     0x6  Code  Gb  stm32g4xx_it.o [2]
TIM20_BRK_IRQHandler     0x800'7fc1          Code  Wk  startup_stm32g474xx.o [1]
TIM20_CC_IRQHandler      0x800'7fcd          Code  Wk  startup_stm32g474xx.o [1]
TIM20_TRG_COM_IRQHandler
                         0x800'7fc9          Code  Wk  startup_stm32g474xx.o [1]
TIM20_UP_IRQHandler      0x800'7fc5          Code  Wk  startup_stm32g474xx.o [1]
TIM2_IRQHandler          0x800'7efd          Code  Wk  startup_stm32g474xx.o [1]
TIM3_IRQHandler          0x800'7f01          Code  Wk  startup_stm32g474xx.o [1]
TIM4_IRQHandler          0x800'7f05          Code  Wk  startup_stm32g474xx.o [1]
TIM5_IRQHandler          0x800'7f55          Code  Wk  startup_stm32g474xx.o [1]
TIM6_DAC_IRQHandler      0x800'7f65          Code  Wk  startup_stm32g474xx.o [1]
TIM7_DAC_IRQHandler      0x800'7f69          Code  Wk  startup_stm32g474xx.o [1]
TIM8_BRK_IRQHandler      0x800'7f39          Code  Wk  startup_stm32g474xx.o [1]
TIM8_CC_IRQHandler       0x800'7f45          Code  Wk  startup_stm32g474xx.o [1]
TIM8_TRG_COM_IRQHandler
                         0x800'7f41          Code  Wk  startup_stm32g474xx.o [1]
TIM8_UP_IRQHandler       0x800'7f3d          Code  Wk  startup_stm32g474xx.o [1]
TIM_Base_SetConfig       0x800'7769    0xc4  Code  Gb  stm32g4xx_hal_tim.o [4]
UART4_IRQHandler         0x800'7f5d          Code  Wk  startup_stm32g474xx.o [1]
UART5_IRQHandler         0x800'7f61          Code  Wk  startup_stm32g474xx.o [1]
UCPD1_IRQHandler         0x800'7f89          Code  Wk  startup_stm32g474xx.o [1]
USART1_IRQHandler        0x800'7f21          Code  Wk  startup_stm32g474xx.o [1]
USART2_IRQHandler        0x800'7f25          Code  Wk  startup_stm32g474xx.o [1]
USART3_IRQHandler        0x800'7f29          Code  Wk  startup_stm32g474xx.o [1]
USBWakeUp_IRQHandler     0x800'7f35          Code  Wk  startup_stm32g474xx.o [1]
USB_HP_IRQHandler        0x800'7edd          Code  Wk  startup_stm32g474xx.o [1]
USB_LP_IRQHandler        0x800'7ee1          Code  Wk  startup_stm32g474xx.o [1]
UsageFault_Handler       0x800'7d1d     0x2  Code  Gb  stm32g4xx_it.o [2]
WWDG_IRQHandler          0x800'7ea1          Code  Wk  startup_stm32g474xx.o [1]
WriteCmd                 0x800'4ea9     0xc  Code  Gb  oled.o [6]
WriteDat                 0x800'4eb5     0xa  Code  Gb  oled.o [6]
_LC                      0x800'1999     0x6  Code  Lc  xprintffull_nomb.o [7]
_LitobFullNoMb           0x800'2681   0x114  Code  Lc  xprintffull_nomb.o [7]
_Locale_lconv           0x2000'182c    0x38  Data  Lc  xlocale_c.o [7]
_PrintfFullNoMb          0x800'199f   0xcb4  Code  Gb  xprintffull_nomb.o [7]
_PutcharsFullNoMb        0x800'27ed    0x2e  Code  Lc  xprintffull_nomb.o [7]
_SProut                  0x800'28f7     0xa  Code  Gb  xsprout.o [7]
__NVIC_SetPriority       0x800'6711    0x1a  Code  Lc  stm32g4xx_hal_cortex.o [4]
__aeabi_cdcmple          0x800'2a59          Code  Gb  DblCmpLe.o [8]
__aeabi_cdrcmple         0x800'2a8d          Code  Gb  DblCmpGe.o [8]
__aeabi_d2f              0x800'6e49          Code  Gb  DblToFlt.o [8]
__aeabi_d2iz             0x800'2bfd          Code  Gb  DblToS32.o [8]
__aeabi_d2uiz            0x800'3101          Code  Gb  DblToU32.o [8]
__aeabi_dadd             0x800'2c59          Code  Gb  DblAddSub.o [8]
__aeabi_ddiv             0x800'2eb9          Code  Gb  DblDiv.o [8]
__aeabi_dmul             0x800'3141          Code  Gb  DblMul.o [8]
__aeabi_dsub             0x800'2dd5          Code  Gb  DblAddSub.o [8]
__aeabi_f2d              0x800'6dc1          Code  Gb  FltToDbl.o [8]
__aeabi_i2d              0x800'2c35          Code  Gb  S32ToDbl.o [8]
__aeabi_ldiv0            0x800'352d          Code  Gb  I64DivZer.o [9]
__aeabi_ui2d             0x800'3125          Code  Gb  U32ToDbl.o [8]
__aeabi_ul2d             0x800'6eb1          Code  Gb  U64ToDbl.o [8]
__aeabi_uldivmod         0x800'32f5          Code  Gb  I64DivMod.o [9]
__cmain                  0x800'7e19          Code  Gb  cmain.o [9]
__exit                   0x800'3531    0x14  Code  Gb  exit.o [10]
__iar_Fail_s             0x800'2901    0x1c  Code  Gb  xfail_s.o [7]
__iar_Memchr             0x800'2979          Code  Gb  memchr.o [9]
__iar_Strchr             0x800'28e1          Code  Gb  strchr.o [9]
__iar_data_init3         0x800'7d8d    0x28  Code  Gb  data_init.o [9]
__iar_frexp              0x800'29f5          Code  Gb  frexp.o [8]
__iar_frexpl             0x800'29f5          Code  Gb  frexp.o [8]
__iar_init_vfp           0x800'7db5          Code  Gb  fpinit_M.o [8]
__iar_ldexp64            0x800'2ac1          Code  Gb  ldexp.o [8]
__iar_lz77_init_single3
                         0x800'2863    0x7e  Code  Gb  lz77_init_single.o [9]
__iar_program_start      0x800'7e4d          Code  Gb  cstartup_M.o [9]
__iar_scalbln64          0x800'2ac1          Code  Gb  ldexp.o [8]
__iar_scalbn64           0x800'2ac1          Code  Gb  ldexp.o [8]
__iar_small_Memcpy       0x800'29d5          Code  Gb  ABImemcpy_small.o [9]
__iar_small_Memset       0x800'66fd          Code  Gb  ABImemset_small.o [9]
__iar_small_Memset_word
                         0x800'66fd          Code  Gb  ABImemset_small.o [9]
__iar_small_memcpy       0x800'29d1          Code  Gb  ABImemcpy_small.o [9]
__iar_small_memcpy4      0x800'29d1          Code  Gb  ABImemcpy_small.o [9]
__iar_small_memcpy8      0x800'29d1          Code  Gb  ABImemcpy_small.o [9]
__iar_small_memset       0x800'66fd          Code  Gb  ABImemset_small.o [9]
__iar_softfp___iar_frexp64
                         0x800'29e9          Code  Gb  frexp.o [8]
__iar_softfp_frexp       0x800'29e9          Code  Gb  frexp.o [8]
__iar_softfp_frexpl      0x800'29e9          Code  Gb  frexp.o [8]
__iar_sqrt64             0x800'6f09          Code  Gb  sqrt.o [8]
__iar_vfp___iar_sqrt64   0x800'6ef9          Code  Gb  sqrt.o [8]
__iar_vfp_sqrt           0x800'6ef9          Code  Gb  sqrt.o [8]
__iar_vfp_sqrtl          0x800'6ef9          Code  Gb  sqrt.o [8]
__iar_zero_init3         0x800'7d55    0x38  Code  Gb  zero_init3.o [9]
__low_level_init         0x800'7e37     0x4  Code  Gb  low_level_init.o [7]
__vector_table           0x800'0000          Data  Gb  startup_stm32g474xx.o [1]
_call_main               0x800'7e25          Code  Gb  cmain.o [9]
_exit                    0x800'7e41          Code  Gb  cexit.o [9]
abort                    0x800'3525     0x6  Code  Gb  abort.o [7]
adc_rms                 0x2000'0008     0x8  Data  Gb  app_freertos.o [2]
asc2_1206                0x800'01d8   0x474  Data  Gb  oled.o [6]
asc2_1608                0x800'064c   0x5f0  Data  Gb  oled.o [6]
asc2_2412                0x800'0c3c   0xd5c  Data  Gb  oled.o [6]
current_key             0x2000'4cd5     0x1  Data  Gb  app_freertos.o [2]
defaultTaskHandle       0x2000'4cc0     0x4  Data  Gb  app_freertos.o [2]
e                       0x2000'0010     0x4  Data  Gb  app_freertos.o [2]
exit                     0x800'7e3b     0x4  Code  Gb  exit.o [7]
g                       0x2000'0020     0x4  Data  Gb  app_freertos.o [2]
hadc1                   0x2000'4a70    0x6c  Data  Gb  adc.o [2]
hadc2                   0x2000'4adc    0x6c  Data  Gb  adc.o [2]
hadc3                   0x2000'4b48    0x6c  Data  Gb  adc.o [2]
hadc4                   0x2000'4bb4    0x6c  Data  Gb  adc.o [2]
hdma_adc1               0x2000'47c4    0x60  Data  Gb  adc.o [2]
hdma_adc2               0x2000'4824    0x60  Data  Gb  adc.o [2]
hdma_adc3               0x2000'4884    0x60  Data  Gb  adc.o [2]
hdma_adc4               0x2000'48e4    0x60  Data  Gb  adc.o [2]
hi2c1                   0x2000'4c20    0x54  Data  Gb  i2c.o [2]
htim1                   0x2000'4c74    0x4c  Data  Gb  stm32g4xx_hal_timebase_tim.o [2]
key_state               0x2000'4cd4     0x1  Data  Gb  app_freertos.o [2]
key_time                0x2000'4cd8     0x4  Data  Gb  app_freertos.o [2]
l                       0x2000'001c     0x4  Data  Gb  app_freertos.o [2]
ldexp                    0x800'2ac1          Code  Gb  ldexp.o [8]
ldexpl                   0x800'2ac1          Code  Gb  ldexp.o [8]
localeconv               0x800'32ed     0x4  Code  Gb  xlocale_c.o [7]
main                     0x800'44cd    0xc6  Code  Gb  main.o [2]
makeFreeRtosPriority     0x800'5fa1     0xc  Code  Lc  cmsis_os.o [5]
memchr                   0x800'2979          Code  Gb  memchr.o [9]
memset                   0x800'4775    0x14  Code  Gb  memset.o [9]
mode                    0x2000'4d10     0x1  Data  Gb  main.o [2]
osDelay                  0x800'5fe5     0xe  Code  Gb  cmsis_os.o [5]
osKernelStart            0x800'5fad     0xa  Code  Gb  cmsis_os.o [5]
osThreadCreate           0x800'5fb7    0x2e  Code  Gb  cmsis_os.o [5]
prvAddCurrentTaskToDelayedList
                         0x800'7459    0x5e  Code  Lc  tasks.o [5]
prvDeleteTCB             0x800'73e7    0x14  Code  Lc  tasks.o [5]
prvIdleTask              0x800'73a5    0x42  Code  Lc  tasks.o [5]
prvInsertBlockIntoFreeList
                         0x800'79bb    0x46  Code  Lc  heap_4.o [5]
prvResetNextTaskUnblockTime
                         0x800'73fb    0x1a  Code  Lc  tasks.o [5]
prvTaskExitError         0x800'7ac1    0x1c  Code  Lc  port.o [5]
pvPortMalloc             0x800'7855   0x104  Code  Gb  heap_4.o [5]
pxCurrentTCB            0x2000'496c     0x4  Data  Gb  tasks.o [5]
pxDelayedTaskList       0x2000'4970     0x4  Data  Lc  tasks.o [5]
pxEnd                   0x2000'37ac     0x4  Data  Lc  heap_4.o [5]
pxOverflowDelayedTaskList
                        0x2000'4974     0x4  Data  Lc  tasks.o [5]
pxPortInitialiseStack    0x800'7a99    0x26  Code  Gb  port.o [5]
pxReadyTasksLists       0x2000'49e4    0x8c  Data  Lc  tasks.o [5]
r                       0x2000'4cf4     0x4  Data  Gb  main.o [2]
r_mode                  0x2000'4d12     0x1  Data  Gb  main.o [2]
r_sum                   0x2000'4cf8     0x4  Data  Gb  main.o [2]
r_true                  0x2000'4cfc     0x4  Data  Gb  main.o [2]
scalbln                  0x800'2ac1          Code  Gb  ldexp.o [8]
scalblnl                 0x800'2ac1          Code  Gb  ldexp.o [8]
scalbn                   0x800'2ac1          Code  Gb  ldexp.o [8]
scalbnl                  0x800'2ac1          Code  Gb  ldexp.o [8]
scale                    0x800'2795    0x46  Code  Lc  xprintffull_nomb.o [7]
sec_hand                0x2000'4d0c     0x4  Data  Lc  xfail_s.o [7]
show_float               0x800'52cd    0x96  Code  Gb  oled.o [6]
show_int                 0x800'5363    0x26  Code  Gb  oled.o [6]
sprintf                  0x800'6e09    0x40  Code  Gb  sprintf.o [7]
sqrt                     0x800'6f09          Code  Gb  sqrt.o [8]
sqrtl                    0x800'6f09          Code  Gb  sqrt.o [8]
strchr                   0x800'28e1          Code  Gb  strchr.o [9]
strlen                   0x800'2941          Code  Gb  strlen.o [9]
sum                     0x2000'0000     0x8  Data  Gb  app_freertos.o [2]
temp                    0x2000'0034     0x4  Data  Gb  app_freertos.o [2]
two                     0x2000'4d04     0x4  Data  Gb  main.o [2]
two_sum                 0x2000'4d08     0x4  Data  Gb  main.o [2]
two_true                0x2000'4d00     0x4  Data  Gb  main.o [2]
ucHeap                  0x2000'37c4   0xc00  Data  Lc  heap_4.o [5]
ucMaxSysCallPriority    0x2000'1810     0x1  Data  Lc  port.o [5]
ulMaxPRIGROUPValue      0x2000'1818     0x4  Data  Lc  port.o [5]
uwTick                  0x2000'181c     0x4  Data  Gb  stm32g4xx_hal.o [4]
uwTickFreq              0x2000'1824     0x4  Data  Gb  stm32g4xx_hal.o [4]
uwTickPrio              0x2000'1820     0x4  Data  Gb  stm32g4xx_hal.o [4]
uxCriticalNesting       0x2000'1814     0x4  Data  Lc  port.o [5]
uxCurrentNumberOfTasks  0x2000'4990     0x4  Data  Lc  tasks.o [5]
uxDeletedTasksWaitingCleanUp
                        0x2000'4978     0x4  Data  Lc  tasks.o [5]
uxListRemove             0x800'7a71    0x26  Code  Gb  list.o [5]
uxSchedulerSuspended    0x2000'49b4     0x4  Data  Lc  tasks.o [5]
uxTaskNumber            0x2000'49ac     0x4  Data  Lc  tasks.o [5]
uxTopReadyPriority      0x2000'4998     0x4  Data  Lc  tasks.o [5]
v2                      0x2000'4cec     0x4  Data  Gb  main.o [2]
v20                     0x2000'4cdc     0x4  Data  Gb  main.o [2]
v20_AC                  0x2000'1864   0xfa0  Data  Gb  main.o [2]
v20_sum                 0x2000'4ce4     0x4  Data  Gb  main.o [2]
v20_true                0x2000'4ce0     0x4  Data  Gb  main.o [2]
v2_AC                   0x2000'2804   0xfa0  Data  Gb  main.o [2]
v2_sum                  0x2000'4cf0     0x4  Data  Gb  main.o [2]
v2_true                 0x2000'4ce8     0x4  Data  Gb  main.o [2]
vListInitialise          0x800'7a05    0x1a  Code  Gb  list.o [5]
vListInitialiseItem      0x800'7a1f     0x6  Code  Gb  list.o [5]
vListInsert              0x800'7a3f    0x32  Code  Gb  list.o [5]
vListInsertEnd           0x800'7a25    0x1a  Code  Gb  list.o [5]
vPortEnableVFP           0x800'7cf9          Code  Gb  portasm.o [5]
vPortEnterCritical       0x800'7b7d    0x32  Code  Gb  port.o [5]
vPortExitCritical        0x800'7baf    0x22  Code  Gb  port.o [5]
vPortFree                0x800'7967    0x54  Code  Gb  heap_4.o [5]
vPortSetupTimerInterrupt
                         0x800'7c3d    0x28  Code  Wk  port.o [5]
vPortStartFirstTask      0x800'7cd9          Code  Gb  portasm.o [5]
vTaskDelay               0x800'713b    0x2e  Code  Gb  tasks.o [5]
vTaskStartScheduler      0x800'7171    0x56  Code  Gb  tasks.o [5]
vTaskSuspendAll          0x800'71c7     0xc  Code  Gb  tasks.o [5]
vTaskSwitchContext       0x800'7339    0x52  Code  Gb  tasks.o [5]
v_mode                  0x2000'4d11     0x1  Data  Gb  main.o [2]
x                       0x2000'0018     0x4  Data  Gb  app_freertos.o [2]
xBlockAllocatedBit      0x2000'37c0     0x4  Data  Lc  heap_4.o [5]
xDelayedTaskList1       0x2000'49b8    0x14  Data  Lc  tasks.o [5]
xDelayedTaskList2       0x2000'49cc    0x14  Data  Lc  tasks.o [5]
xFreeBytesRemaining     0x2000'37b0     0x4  Data  Lc  heap_4.o [5]
xIdleTaskHandle         0x2000'49e0     0x4  Data  Lc  tasks.o [5]
xMinimumEverFreeBytesRemaining
                        0x2000'37b4     0x4  Data  Lc  heap_4.o [5]
xNextTaskUnblockTime    0x2000'49b0     0x4  Data  Lc  tasks.o [5]
xNumOfOverflows         0x2000'49a8     0x4  Data  Lc  tasks.o [5]
xNumberOfSuccessfulAllocations
                        0x2000'37b8     0x4  Data  Lc  heap_4.o [5]
xNumberOfSuccessfulFrees
                        0x2000'37bc     0x4  Data  Lc  heap_4.o [5]
xPendedTicks            0x2000'49a0     0x4  Data  Lc  tasks.o [5]
xPendingReadyList       0x2000'4944    0x14  Data  Lc  tasks.o [5]
xPortStartScheduler      0x800'7add    0xa0  Code  Gb  port.o [5]
xSchedulerRunning       0x2000'499c     0x4  Data  Lc  tasks.o [5]
xStart                  0x2000'37a4     0x8  Data  Lc  heap_4.o [5]
xSuspendedTaskList      0x2000'497c    0x14  Data  Lc  tasks.o [5]
xTaskCreate              0x800'6ffd   0x13e  Code  Gb  tasks.o [5]
xTaskIncrementTick       0x800'7277    0xc2  Code  Gb  tasks.o [5]
xTaskResumeAll           0x800'71d3    0x9c  Code  Gb  tasks.o [5]
xTasksWaitingTermination
                        0x2000'4958    0x14  Data  Lc  tasks.o [5]
xTickCount              0x2000'4994     0x4  Data  Lc  tasks.o [5]
xYieldPending           0x2000'49a4     0x4  Data  Lc  tasks.o [5]
y                       0x2000'0014     0x4  Data  Gb  app_freertos.o [2]


[1] = C:\Users\bjtuj\Desktop\2026_Electric_Design_Main\EWARM\2026_Electric_Design_Main\Obj\Application\EWARM
[2] = C:\Users\bjtuj\Desktop\2026_Electric_Design_Main\EWARM\2026_Electric_Design_Main\Obj\Application\User\Core
[3] = C:\Users\bjtuj\Desktop\2026_Electric_Design_Main\EWARM\2026_Electric_Design_Main\Obj\Drivers\CMSIS
[4] = C:\Users\bjtuj\Desktop\2026_Electric_Design_Main\EWARM\2026_Electric_Design_Main\Obj\Drivers\STM32G4xx_HAL_Driver
[5] = C:\Users\bjtuj\Desktop\2026_Electric_Design_Main\EWARM\2026_Electric_Design_Main\Obj\Middlewares\FreeRTOS
[6] = C:\Users\bjtuj\Desktop\2026_Electric_Design_Main\EWARM\2026_Electric_Design_Main\Obj\User
[7] = dl7M_tlf.a
[8] = m7M_tls.a
[9] = rt7M_tl.a
[10] = shb_l.a

  26'643 bytes of readonly  code memory
   7'282 bytes of readonly  data memory
  20'755 bytes of readwrite data memory

Errors: none
Warnings: none
