###############################################################################
#
# IAR ELF Linker V9.32.1.338/W64 for ARM                  09/Mar/2026  16:55:40
# Copyright 2007-2022 IAR Systems AB.
#
#    Output file  =
#        C:\Users\bjtuj\Desktop\2026_Electric_Design_Main\EWARM\2026_Electric_Design_Main\Exe\2026_Electric_Design_Main.out
#    Map file     =
#        C:\Users\bjtuj\Desktop\2026_Electric_Design_Main\EWARM\2026_Electric_Design_Main\List\2026_Electric_Design_Main.map
#    Command line =
#        -f
#        C:\Users\bjtuj\Desktop\2026_Electric_Design_Main\EWARM\2026_Electric_Design_Main\Exe\2026_Electric_Design_Main.out.rsp
#        (C:\Users\bjtuj\Desktop\2026_Electric_Design_Main\EWARM\2026_Electric_Design_Main\Obj\Application\User\Core\adc.o
#        C:\Users\bjtuj\Desktop\2026_Electric_Design_Main\EWARM\2026_Electric_Design_Main\Obj\Application\User\Core\app_freertos.o
#        C:\Users\bjtuj\Desktop\2026_Electric_Design_Main\EWARM\2026_Electric_Design_Main\Obj\Middlewares\FreeRTOS\cmsis_os.o
#        C:\Users\bjtuj\Desktop\2026_Electric_Design_Main\EWARM\2026_Electric_Design_Main\Obj\Middlewares\FreeRTOS\croutine.o
#        C:\Users\bjtuj\Desktop\2026_Electric_Design_Main\EWARM\2026_Electric_Design_Main\Obj\Application\User\Core\dma.o
#        C:\Users\bjtuj\Desktop\2026_Electric_Design_Main\EWARM\2026_Electric_Design_Main\Obj\Middlewares\FreeRTOS\event_groups.o
#        C:\Users\bjtuj\Desktop\2026_Electric_Design_Main\EWARM\2026_Electric_Design_Main\Obj\Application\User\Core\gpio.o
#        C:\Users\bjtuj\Desktop\2026_Electric_Design_Main\EWARM\2026_Electric_Design_Main\Obj\Middlewares\FreeRTOS\heap_4.o
#        C:\Users\bjtuj\Desktop\2026_Electric_Design_Main\EWARM\2026_Electric_Design_Main\Obj\Application\User\Core\i2c.o
#        C:\Users\bjtuj\Desktop\2026_Electric_Design_Main\EWARM\2026_Electric_Design_Main\Obj\Middlewares\FreeRTOS\list.o
#        C:\Users\bjtuj\Desktop\2026_Electric_Design_Main\EWARM\2026_Electric_Design_Main\Obj\Application\User\Core\main.o
#        C:\Users\bjtuj\Desktop\2026_Electric_Design_Main\EWARM\2026_Electric_Design_Main\Obj\User\oled.o
#        C:\Users\bjtuj\Desktop\2026_Electric_Design_Main\EWARM\2026_Electric_Design_Main\Obj\Middlewares\FreeRTOS\port.o
#        C:\Users\bjtuj\Desktop\2026_Electric_Design_Main\EWARM\2026_Electric_Design_Main\Obj\Middlewares\FreeRTOS\portasm.o
#        C:\Users\bjtuj\Desktop\2026_Electric_Design_Main\EWARM\2026_Electric_Design_Main\Obj\Middlewares\FreeRTOS\queue.o
#        C:\Users\bjtuj\Desktop\2026_Electric_Design_Main\EWARM\2026_Electric_Design_Main\Obj\Application\EWARM\startup_stm32g474xx.o
#        C:\Users\bjtuj\Desktop\2026_Electric_Design_Main\EWARM\2026_Electric_Design_Main\Obj\Drivers\STM32G4xx_HAL_Driver\stm32g4xx_hal.o
#        C:\Users\bjtuj\Desktop\2026_Electric_Design_Main\EWARM\2026_Electric_Design_Main\Obj\Drivers\STM32G4xx_HAL_Driver\stm32g4xx_hal_adc.o
#        C:\Users\bjtuj\Desktop\2026_Electric_Design_Main\EWARM\2026_Electric_Design_Main\Obj\Drivers\STM32G4xx_HAL_Driver\stm32g4xx_hal_adc_ex.o
#        C:\Users\bjtuj\Desktop\2026_Electric_Design_Main\EWARM\2026_Electric_Design_Main\Obj\Drivers\STM32G4xx_HAL_Driver\stm32g4xx_hal_cortex.o
#        C:\Users\bjtuj\Desktop\2026_Electric_Design_Main\EWARM\2026_Electric_Design_Main\Obj\Drivers\STM32G4xx_HAL_Driver\stm32g4xx_hal_dma.o
#        C:\Users\bjtuj\Desktop\2026_Electric_Design_Main\EWARM\2026_Electric_Design_Main\Obj\Drivers\STM32G4xx_HAL_Driver\stm32g4xx_hal_dma_ex.o
#        C:\Users\bjtuj\Desktop\2026_Electric_Design_Main\EWARM\2026_Electric_Design_Main\Obj\Drivers\STM32G4xx_HAL_Driver\stm32g4xx_hal_exti.o
#        C:\Users\bjtuj\Desktop\2026_Electric_Design_Main\EWARM\2026_Electric_Design_Main\Obj\Drivers\STM32G4xx_HAL_Driver\stm32g4xx_hal_flash.o
#        C:\Users\bjtuj\Desktop\2026_Electric_Design_Main\EWARM\2026_Electric_Design_Main\Obj\Drivers\STM32G4xx_HAL_Driver\stm32g4xx_hal_flash_ex.o
#        C:\Users\bjtuj\Desktop\2026_Electric_Design_Main\EWARM\2026_Electric_Design_Main\Obj\Drivers\STM32G4xx_HAL_Driver\stm32g4xx_hal_flash_ramfunc.o
#        C:\Users\bjtuj\Desktop\2026_Electric_Design_Main\EWARM\2026_Electric_Design_Main\Obj\Drivers\STM32G4xx_HAL_Driver\stm32g4xx_hal_gpio.o
#        C:\Users\bjtuj\Desktop\2026_Electric_Design_Main\EWARM\2026_Electric_Design_Main\Obj\Drivers\STM32G4xx_HAL_Driver\stm32g4xx_hal_i2c.o
#        C:\Users\bjtuj\Desktop\2026_Electric_Design_Main\EWARM\2026_Electric_Design_Main\Obj\Drivers\STM32G4xx_HAL_Driver\stm32g4xx_hal_i2c_ex.o
#        C:\Users\bjtuj\Desktop\2026_Electric_Design_Main\EWARM\2026_Electric_Design_Main\Obj\Application\User\Core\stm32g4xx_hal_msp.o
#        C:\Users\bjtuj\Desktop\2026_Electric_Design_Main\EWARM\2026_Electric_Design_Main\Obj\Drivers\STM32G4xx_HAL_Driver\stm32g4xx_hal_pwr.o
#        C:\Users\bjtuj\Desktop\2026_Electric_Design_Main\EWARM\2026_Electric_Design_Main\Obj\Drivers\STM32G4xx_HAL_Driver\stm32g4xx_hal_pwr_ex.o
#        C:\Users\bjtuj\Desktop\2026_Electric_Design_Main\EWARM\2026_Electric_Design_Main\Obj\Drivers\STM32G4xx_HAL_Driver\stm32g4xx_hal_rcc.o
#        C:\Users\bjtuj\Desktop\2026_Electric_Design_Main\EWARM\2026_Electric_Design_Main\Obj\Drivers\STM32G4xx_HAL_Driver\stm32g4xx_hal_rcc_ex.o
#        C:\Users\bjtuj\Desktop\2026_Electric_Design_Main\EWARM\2026_Electric_Design_Main\Obj\Drivers\STM32G4xx_HAL_Driver\stm32g4xx_hal_tim.o
#        C:\Users\bjtuj\Desktop\2026_Electric_Design_Main\EWARM\2026_Electric_Design_Main\Obj\Drivers\STM32G4xx_HAL_Driver\stm32g4xx_hal_tim_ex.o
#        C:\Users\bjtuj\Desktop\2026_Electric_Design_Main\EWARM\2026_Electric_Design_Main\Obj\Application\User\Core\stm32g4xx_hal_timebase_tim.o
#        C:\Users\bjtuj\Desktop\2026_Electric_Design_Main\EWARM\2026_Electric_Design_Main\Obj\Application\User\Core\stm32g4xx_it.o
#        C:\Users\bjtuj\Desktop\2026_Electric_Design_Main\EWARM\2026_Electric_Design_Main\Obj\Drivers\STM32G4xx_HAL_Driver\stm32g4xx_ll_adc.o
#        C:\Users\bjtuj\Desktop\2026_Electric_Design_Main\EWARM\2026_Electric_Design_Main\Obj\Middlewares\FreeRTOS\stream_buffer.o
#        C:\Users\bjtuj\Desktop\2026_Electric_Design_Main\EWARM\2026_Electric_Design_Main\Obj\Drivers\CMSIS\system_stm32g4xx.o
#        C:\Users\bjtuj\Desktop\2026_Electric_Design_Main\EWARM\2026_Electric_Design_Main\Obj\Middlewares\FreeRTOS\tasks.o
#        C:\Users\bjtuj\Desktop\2026_Electric_Design_Main\EWARM\2026_Electric_Design_Main\Obj\Middlewares\FreeRTOS\timers.o
#        C:\Users\bjtuj\Desktop\2026_Electric_Design_Main\EWARM\2026_Electric_Design_Main\Obj\User\user.o
#        --no_out_extension -o
#        C:\Users\bjtuj\Desktop\2026_Electric_Design_Main\EWARM\2026_Electric_Design_Main\Exe\2026_Electric_Design_Main.out
#        --redirect _Printf=_PrintfFullNoMb --redirect _Scanf=_ScanfFullNoMb
#        --map
#        C:\Users\bjtuj\Desktop\2026_Electric_Design_Main\EWARM\2026_Electric_Design_Main\List\2026_Electric_Design_Main.map
#        --config
#        C:\Users\bjtuj\Desktop\2026_Electric_Design_Main\EWARM/stm32g474xx_flash.icf
#        --semihosting --entry __iar_program_start --vfe --text_out locale
#        --cpu=Cortex-M4 --fpu=VFPv4_sp)
#
###############################################################################

*******************************************************************************
*** RUNTIME MODEL ATTRIBUTES
***

CppFlavor       = *
__CPP_Runtime   = 1
__SystemLibrary = DLib
__dlib_version  = 6


*******************************************************************************
*** HEAP SELECTION
***

The basic heap was selected because --advanced_heap
was not specified and the application did not appear to
be primarily optimized for speed.


*******************************************************************************
*** PLACEMENT SUMMARY
***

"A0":  place at address 0x800'0000 { ro section .intvec };
"P1":  place in [from 0x800'0000 to 0x807'ffff] { ro };
define block CSTACK with size = 1K, alignment = 8 { };
define block HEAP with size = 512, alignment = 8 { };
"P2":  place in [from 0x2000'0000 to 0x2001'ffff] {
          rw, block CSTACK, block HEAP };
initialize by copy { rw };

  Section            Kind         Address    Size  Object
  -------            ----         -------    ----  ------
"A0":                                       0x1d8
  .intvec            ro code   0x800'0000   0x1d8  startup_stm32g474xx.o [1]
                             - 0x800'01d8   0x1d8

"P1":                                      0x7825
  .rodata            const     0x800'01d8  0x17c0  oled.o [6]
  .text              ro code   0x800'1998   0xeca  xprintffull_nomb.o [7]
  .text              ro code   0x800'2862    0x7e  lz77_init_single.o [9]
  .text              ro code   0x800'28e0    0x16  strchr.o [9]
  .text              ro code   0x800'28f6     0xa  xsprout.o [7]
  .text              ro code   0x800'2900    0x40  xfail_s.o [7]
  .text              ro code   0x800'2940    0x36  strlen.o [9]
  .rodata            const     0x800'2976     0x2  xlocale_c.o [7]
  .text              ro code   0x800'2978    0x58  memchr.o [9]
  .text              ro code   0x800'29d0    0x18  ABImemcpy_small.o [9]
  .text              ro code   0x800'29e8    0x70  frexp.o [8]
  .text              ro code   0x800'2a58    0x34  DblCmpLe.o [8]
  .text              ro code   0x800'2a8c    0x34  DblCmpGe.o [8]
  .text              ro code   0x800'2ac0   0x13a  ldexp.o [8]
  .rodata            const     0x800'2bfa     0x1  xlocale_c.o [7]
  .text              ro code   0x800'2bfc    0x36  DblToS32.o [8]
  .text              ro code   0x800'2c34    0x22  S32ToDbl.o [8]
  .text              ro code   0x800'2c58   0x24e  DblAddSub.o [8]
  .text              ro code   0x800'2ea8   0x246  DblDiv.o [8]
  .text              ro code   0x800'30f0    0x22  DblToU32.o [8]
  .text              ro code   0x800'3114    0x1c  U32ToDbl.o [8]
  .text              ro code   0x800'3130   0x1aa  DblMul.o [8]
  .text              ro code   0x800'32dc     0x8  xlocale_c.o [7]
  .text              ro code   0x800'32e4   0x230  I64DivMod.o [9]
  .text              ro code   0x800'3514     0x6  abort.o [7]
  .text              ro code   0x800'351c     0x2  I64DivZer.o [9]
  .text              ro code   0x800'3520    0x14  exit.o [10]
  .text              ro code   0x800'3534   0x8f8  stm32g4xx_hal_adc.o [4]
  .text              ro code   0x800'3e2c   0x35c  adc.o [2]
  .text              ro code   0x800'4188   0x2d8  stm32g4xx_hal_dma.o [4]
  .text              ro code   0x800'4460     0xc  stm32g4xx_hal.o [4]
  .text              ro code   0x800'446c     0x2  stm32g4xx_hal_adc.o [4]
  .text              ro code   0x800'446e     0x2  stm32g4xx_hal_adc.o [4]
  .text              ro code   0x800'4470     0x2  stm32g4xx_hal_adc.o [4]
  .text              ro code   0x800'4474    0xec  main.o [2]
  .text              ro code   0x800'4560   0x154  stm32g4xx_hal_adc_ex.o [4]
  .text              ro code   0x800'46b4    0x14  memset.o [9]
  .text              ro code   0x800'46c8   0x1f4  stm32g4xx_hal_gpio.o [4]
  .text              ro code   0x800'48bc   0x28c  stm32g4xx_hal_rcc_ex.o [4]
  .text              ro code   0x800'4b48    0x1e  stm32g4xx_hal.o [4]
  .text              ro code   0x800'4b68   0x104  gpio.o [2]
  .text              ro code   0x800'4c6c    0x50  dma.o [2]
  .text              ro code   0x800'4cbc   0x10c  i2c.o [2]
  .text              ro code   0x800'4dc8   0x444  oled.o [6]
  .text              ro code   0x800'520c   0x3a8  user.o [6]
  .text              ro code   0x800'55b4    0x28  stm32g4xx_hal.o [4]
  .text              ro code   0x800'55dc   0x264  app_freertos.o [2]
  .text              ro code   0x800'5840    0x52  cmsis_os.o [5]
  .text              ro code   0x800'5894    0xac  stm32g4xx_hal_pwr_ex.o [4]
  .text              ro code   0x800'5940   0x64c  stm32g4xx_hal_rcc.o [4]
  .text              ro code   0x800'5f8c    0x10  stm32g4xx_hal.o [4]
  .text              ro code   0x800'5f9c    0x12  ABImemset_small.o [9]
  .text              ro code   0x800'5fb0    0x9c  stm32g4xx_hal_cortex.o [4]
  .text              ro code   0x800'604c    0x8c  stm32g4xx_hal_timebase_tim.o [2]
  .text              ro code   0x800'60d8    0x40  stm32g4xx_hal_msp.o [2]
  .text              ro code   0x800'6118   0x4c8  stm32g4xx_hal_i2c.o [4]
  .text              ro code   0x800'65e0    0x7e  stm32g4xx_hal_i2c_ex.o [4]
  .text              ro code   0x800'6660    0x40  sprintf.o [7]
  .text              ro code   0x800'66a0   0x4d8  tasks.o [5]
  .text              ro code   0x800'6b78   0x380  stm32g4xx_hal_tim.o [4]
  .text              ro code   0x800'6ef8   0x1b0  heap_4.o [5]
  .text              ro code   0x800'70a8    0x92  list.o [5]
  .text              ro code   0x800'713c   0x18a  port.o [5]
  .text              ro code   0x800'72c6     0x2  stm32g4xx_hal_tim.o [4]
  .text              ro code   0x800'72c8     0x2  stm32g4xx_hal_tim.o [4]
  .text              ro code   0x800'72ca     0x2  stm32g4xx_hal_tim.o [4]
  .text              ro code   0x800'72cc     0x2  stm32g4xx_hal_tim_ex.o [4]
  .text              ro code   0x800'72ce     0x2  stm32g4xx_hal_tim_ex.o [4]
  .text              ro code   0x800'72d0     0x2  stm32g4xx_hal_tim.o [4]
  .text              ro code   0x800'72d2     0x2  stm32g4xx_hal_tim_ex.o [4]
  .text              ro code   0x800'72d4     0x2  stm32g4xx_hal_tim_ex.o [4]
  .text              ro code   0x800'72d6     0x2  stm32g4xx_hal_tim_ex.o [4]
  .text              ro code   0x800'72d8     0x2  stm32g4xx_hal_tim_ex.o [4]
  .text              ro code   0x800'72da     0x2  stm32g4xx_hal_tim_ex.o [4]
  .text              ro code   0x800'72dc     0x2  stm32g4xx_hal_tim.o [4]
  .text              ro code   0x800'72e0    0x28  port.o [5]
  CODE               ro code   0x800'7308    0xb0  portasm.o [5]
  .text              ro code   0x800'73b8    0x38  zero_init3.o [9]
  .text              ro code   0x800'73f0    0x2c  stm32g4xx_it.o [2]
  .text              ro code   0x800'741c    0x28  data_init.o [9]
  .text              ro code   0x800'7444    0x22  fpinit_M.o [8]
  .iar.init_table    const     0x800'7468    0x20  - Linker created -
  .text              ro code   0x800'7488    0x20  system_stm32g4xx.o [3]
  .text              ro code   0x800'74a8    0x1e  cmain.o [9]
  .text              ro code   0x800'74c6     0x4  low_level_init.o [7]
  .text              ro code   0x800'74ca     0x4  exit.o [7]
  .text              ro code   0x800'74d0     0xa  cexit.o [9]
  .text              ro code   0x800'74dc    0x1c  cstartup_M.o [9]
  .rodata            const     0x800'74f8    0x10  app_freertos.o [2]
  .text              ro code   0x800'7508    0x10  startup_stm32g474xx.o [1]
  .rodata            const     0x800'7518     0xc  app_freertos.o [2]
  .rodata            const     0x800'7524     0x8  system_stm32g4xx.o [3]
  .rodata            const     0x800'752c     0x4  app_freertos.o [2]
  .text              ro code   0x800'7530     0x4  startup_stm32g474xx.o [1]
  .text              ro code   0x800'7534     0x4  startup_stm32g474xx.o [1]
  .text              ro code   0x800'7538     0x4  startup_stm32g474xx.o [1]
  .text              ro code   0x800'753c     0x4  startup_stm32g474xx.o [1]
  .text              ro code   0x800'7540     0x4  startup_stm32g474xx.o [1]
  .text              ro code   0x800'7544     0x4  startup_stm32g474xx.o [1]
  .text              ro code   0x800'7548     0x4  startup_stm32g474xx.o [1]
  .text              ro code   0x800'754c     0x4  startup_stm32g474xx.o [1]
  .text              ro code   0x800'7550     0x4  startup_stm32g474xx.o [1]
  .text              ro code   0x800'7554     0x4  startup_stm32g474xx.o [1]
  .text              ro code   0x800'7558     0x4  startup_stm32g474xx.o [1]
  .text              ro code   0x800'755c     0x4  startup_stm32g474xx.o [1]
  .text              ro code   0x800'7560     0x4  startup_stm32g474xx.o [1]
  .text              ro code   0x800'7564     0x4  startup_stm32g474xx.o [1]
  .text              ro code   0x800'7568     0x4  startup_stm32g474xx.o [1]
  .text              ro code   0x800'756c     0x4  startup_stm32g474xx.o [1]
  .text              ro code   0x800'7570     0x4  startup_stm32g474xx.o [1]
  .text              ro code   0x800'7574     0x4  startup_stm32g474xx.o [1]
  .text              ro code   0x800'7578     0x4  startup_stm32g474xx.o [1]
  .text              ro code   0x800'757c     0x4  startup_stm32g474xx.o [1]
  .text              ro code   0x800'7580     0x4  startup_stm32g474xx.o [1]
  .text              ro code   0x800'7584     0x4  startup_stm32g474xx.o [1]
  .text              ro code   0x800'7588     0x4  startup_stm32g474xx.o [1]
  .text              ro code   0x800'758c     0x4  startup_stm32g474xx.o [1]
  .text              ro code   0x800'7590     0x4  startup_stm32g474xx.o [1]
  .text              ro code   0x800'7594     0x4  startup_stm32g474xx.o [1]
  .text              ro code   0x800'7598     0x4  startup_stm32g474xx.o [1]
  .text              ro code   0x800'759c     0x4  startup_stm32g474xx.o [1]
  .text              ro code   0x800'75a0     0x4  startup_stm32g474xx.o [1]
  .text              ro code   0x800'75a4     0x4  startup_stm32g474xx.o [1]
  .text              ro code   0x800'75a8     0x4  startup_stm32g474xx.o [1]
  .text              ro code   0x800'75ac     0x4  startup_stm32g474xx.o [1]
  .text              ro code   0x800'75b0     0x4  startup_stm32g474xx.o [1]
  .text              ro code   0x800'75b4     0x4  startup_stm32g474xx.o [1]
  .text              ro code   0x800'75b8     0x4  startup_stm32g474xx.o [1]
  .text              ro code   0x800'75bc     0x4  startup_stm32g474xx.o [1]
  .text              ro code   0x800'75c0     0x4  startup_stm32g474xx.o [1]
  .text              ro code   0x800'75c4     0x4  startup_stm32g474xx.o [1]
  .text              ro code   0x800'75c8     0x4  startup_stm32g474xx.o [1]
  .text              ro code   0x800'75cc     0x4  startup_stm32g474xx.o [1]
  .text              ro code   0x800'75d0     0x4  startup_stm32g474xx.o [1]
  .text              ro code   0x800'75d4     0x4  startup_stm32g474xx.o [1]
  .text              ro code   0x800'75d8     0x4  startup_stm32g474xx.o [1]
  .text              ro code   0x800'75dc     0x4  startup_stm32g474xx.o [1]
  .text              ro code   0x800'75e0     0x4  startup_stm32g474xx.o [1]
  .text              ro code   0x800'75e4     0x4  startup_stm32g474xx.o [1]
  .text              ro code   0x800'75e8     0x4  startup_stm32g474xx.o [1]
  .text              ro code   0x800'75ec     0x4  startup_stm32g474xx.o [1]
  .text              ro code   0x800'75f0     0x4  startup_stm32g474xx.o [1]
  .text              ro code   0x800'75f4     0x4  startup_stm32g474xx.o [1]
  .text              ro code   0x800'75f8     0x4  startup_stm32g474xx.o [1]
  .text              ro code   0x800'75fc     0x4  startup_stm32g474xx.o [1]
  .text              ro code   0x800'7600     0x4  startup_stm32g474xx.o [1]
  .text              ro code   0x800'7604     0x4  startup_stm32g474xx.o [1]
  .text              ro code   0x800'7608     0x4  startup_stm32g474xx.o [1]
  .text              ro code   0x800'760c     0x4  startup_stm32g474xx.o [1]
  .text              ro code   0x800'7610     0x4  startup_stm32g474xx.o [1]
  .text              ro code   0x800'7614     0x4  startup_stm32g474xx.o [1]
  .text              ro code   0x800'7618     0x4  startup_stm32g474xx.o [1]
  .text              ro code   0x800'761c     0x4  startup_stm32g474xx.o [1]
  .text              ro code   0x800'7620     0x4  startup_stm32g474xx.o [1]
  .text              ro code   0x800'7624     0x4  startup_stm32g474xx.o [1]
  .text              ro code   0x800'7628     0x4  startup_stm32g474xx.o [1]
  .text              ro code   0x800'762c     0x4  startup_stm32g474xx.o [1]
  .text              ro code   0x800'7630     0x4  startup_stm32g474xx.o [1]
  .text              ro code   0x800'7634     0x4  startup_stm32g474xx.o [1]
  .text              ro code   0x800'7638     0x4  startup_stm32g474xx.o [1]
  .text              ro code   0x800'763c     0x4  startup_stm32g474xx.o [1]
  .text              ro code   0x800'7640     0x4  startup_stm32g474xx.o [1]
  .text              ro code   0x800'7644     0x4  startup_stm32g474xx.o [1]
  .text              ro code   0x800'7648     0x4  startup_stm32g474xx.o [1]
  .text              ro code   0x800'764c     0x4  startup_stm32g474xx.o [1]
  .text              ro code   0x800'7650     0x4  startup_stm32g474xx.o [1]
  .text              ro code   0x800'7654     0x4  startup_stm32g474xx.o [1]
  .text              ro code   0x800'7658     0x4  startup_stm32g474xx.o [1]
  .text              ro code   0x800'765c     0x4  startup_stm32g474xx.o [1]
  .text              ro code   0x800'7660     0x4  startup_stm32g474xx.o [1]
  .text              ro code   0x800'7664     0x4  startup_stm32g474xx.o [1]
  .text              ro code   0x800'7668     0x4  startup_stm32g474xx.o [1]
  .text              ro code   0x800'766c     0x4  startup_stm32g474xx.o [1]
  .text              ro code   0x800'7670     0x4  startup_stm32g474xx.o [1]
  .text              ro code   0x800'7674     0x4  startup_stm32g474xx.o [1]
  .text              ro code   0x800'7678     0x4  startup_stm32g474xx.o [1]
  .text              ro code   0x800'767c     0x4  startup_stm32g474xx.o [1]
  .text              ro code   0x800'7680     0x4  startup_stm32g474xx.o [1]
  .text              ro code   0x800'7684     0x4  startup_stm32g474xx.o [1]
  .text              ro code   0x800'7688     0x4  startup_stm32g474xx.o [1]
  .text              ro code   0x800'768c     0x4  startup_stm32g474xx.o [1]
  .text              ro code   0x800'7690     0x4  startup_stm32g474xx.o [1]
  .text              ro code   0x800'7694     0x4  startup_stm32g474xx.o [1]
  .text              ro code   0x800'7698     0x4  startup_stm32g474xx.o [1]
  .text              ro code   0x800'769c     0x4  startup_stm32g474xx.o [1]
  .text              ro code   0x800'76a0     0x4  startup_stm32g474xx.o [1]
  .text              ro code   0x800'76a4     0x4  startup_stm32g474xx.o [1]
  .text              ro code   0x800'76a8     0x4  startup_stm32g474xx.o [1]
  .text              ro code   0x800'76ac     0x4  startup_stm32g474xx.o [1]
  .text              ro code   0x800'76b0     0x4  startup_stm32g474xx.o [1]
  .text              ro code   0x800'76b4     0x4  startup_stm32g474xx.o [1]
  .rodata            const     0x800'76b8     0x0  zero_init3.o [9]
  .rodata            const     0x800'76b8     0x0  lz77_init_single.o [9]
  Initializer bytes  const     0x800'76b8   0x342  <for P2-1>
                             - 0x800'79fa  0x7822

"P2", part 1 of 3:                         0x168c
  P2-1                        0x2000'0000  0x168c  <Init block>
    .data            inited   0x2000'0000  0x1638  oled.o [6]
    .data            inited   0x2000'1638     0xc  port.o [5]
    .data            inited   0x2000'1644     0xc  stm32g4xx_hal.o [4]
    .data            inited   0x2000'1650     0x4  system_stm32g4xx.o [3]
    .data            inited   0x2000'1654    0x38  xlocale_c.o [7]
                            - 0x2000'168c  0x168c

"P2", part 2 of 3:                         0x14a0
  .bss               zero     0x2000'168c   0xc20  heap_4.o [5]
  .bss               zero     0x2000'22ac   0x400  oled.o [6]
  .bss               zero     0x2000'26ac    0xc0  adc.o [2]
  .bss               zero     0x2000'276c    0xa0  tasks.o [5]
  .bss               zero     0x2000'280c    0x8c  tasks.o [5]
  .bss               zero     0x2000'2898    0x6c  adc.o [2]
  .bss               zero     0x2000'2904    0x6c  adc.o [2]
  .bss               zero     0x2000'2970    0x6c  adc.o [2]
  .bss               zero     0x2000'29dc    0x6c  adc.o [2]
  .bss               zero     0x2000'2a48    0x54  i2c.o [2]
  .bss               zero     0x2000'2a9c    0x4c  stm32g4xx_hal_timebase_tim.o [2]
  .bss               zero     0x2000'2ae8     0xc  app_freertos.o [2]
  .bss               zero     0x2000'2af4     0x8  adc.o [2]
  .bss               zero     0x2000'2afc     0x8  app_freertos.o [2]
  .bss               zero     0x2000'2b04     0x8  app_freertos.o [2]
  .bss               zero     0x2000'2b0c     0x4  main.o [2]
  .bss               zero     0x2000'2b10     0x4  main.o [2]
  .bss               zero     0x2000'2b14     0x4  main.o [2]
  .bss               zero     0x2000'2b18     0x4  main.o [2]
  .bss               zero     0x2000'2b1c     0x4  main.o [2]
  .bss               zero     0x2000'2b20     0x4  main.o [2]
  .bss               zero     0x2000'2b24     0x4  xfail_s.o [7]
  .bss               zero     0x2000'2b28     0x1  main.o [2]
  .bss               zero     0x2000'2b29     0x1  main.o [2]
  .bss               zero     0x2000'2b2a     0x1  main.o [2]
  .bss               zero     0x2000'2b2b     0x1  main.o [2]
                            - 0x2000'2b2c  0x14a0

"P2", part 3 of 3:                          0x400
  CSTACK                      0x2000'2b30   0x400  <Block>
    CSTACK           uninit   0x2000'2b30   0x400  <Block tail>
                            - 0x2000'2f30   0x400

Unused ranges:

         From           To      Size
         ----           --      ----
   0x800'79fd   0x807'ffff  0x7'8603
  0x2000'2b2c  0x2000'2b2f       0x4
  0x2000'2f30  0x2001'ffff  0x1'd0d0


*******************************************************************************
*** INIT TABLE
***

          Address      Size
          -------      ----
Zero (__iar_zero_init3)
    1 destination range, total size 0x14a0:
          0x2000'168c  0x14a0

Copy/lz77 (__iar_lz77_init_single3)
    1 source range, total size 0x342 (14% of destination):
           0x800'76b8   0x342
    1 destination range, total size 0x168c:
          0x2000'0000  0x168c



*******************************************************************************
*** MODULE SUMMARY
***

    Module                        ro code  ro data  rw data
    ------                        -------  -------  -------
command line/config:
    -------------------------------------------------------
    Total:

C:\Users\bjtuj\Desktop\2026_Electric_Design_Main\EWARM\2026_Electric_Design_Main\Obj\Application\EWARM: [1]
    startup_stm32g474xx.o             880
    -------------------------------------------------------
    Total:                            880

C:\Users\bjtuj\Desktop\2026_Electric_Design_Main\EWARM\2026_Electric_Design_Main\Obj\Application\User\Core: [2]
    adc.o                             860               632
    app_freertos.o                    612       32       28
    dma.o                              80
    gpio.o                            260
    i2c.o                             268                84
    main.o                            236                28
    stm32g4xx_hal_msp.o                64
    stm32g4xx_hal_timebase_tim.o      140                76
    stm32g4xx_it.o                     44
    -------------------------------------------------------
    Total:                          2'564       32      848

C:\Users\bjtuj\Desktop\2026_Electric_Design_Main\EWARM\2026_Electric_Design_Main\Obj\Drivers\CMSIS: [3]
    system_stm32g4xx.o                 32        8        4
    -------------------------------------------------------
    Total:                             32        8        4

C:\Users\bjtuj\Desktop\2026_Electric_Design_Main\EWARM\2026_Electric_Design_Main\Obj\Drivers\STM32G4xx_HAL_Driver: [4]
    stm32g4xx_hal.o                    98        2       12
    stm32g4xx_hal_adc.o             2'302
    stm32g4xx_hal_adc_ex.o            340
    stm32g4xx_hal_cortex.o            156
    stm32g4xx_hal_dma.o               728
    stm32g4xx_hal_gpio.o              500
    stm32g4xx_hal_i2c.o             1'224
    stm32g4xx_hal_i2c_ex.o            126
    stm32g4xx_hal_pwr_ex.o            172
    stm32g4xx_hal_rcc.o             1'612
    stm32g4xx_hal_rcc_ex.o            652
    stm32g4xx_hal_tim.o               906
    stm32g4xx_hal_tim_ex.o             14
    -------------------------------------------------------
    Total:                          8'830        2       12

C:\Users\bjtuj\Desktop\2026_Electric_Design_Main\EWARM\2026_Electric_Design_Main\Obj\Middlewares\FreeRTOS: [5]
    cmsis_os.o                         82
    heap_4.o                          432             3'104
    list.o                            146
    port.o                            434        2       12
    portasm.o                         176
    tasks.o                         1'240               300
    -------------------------------------------------------
    Total:                          2'510        2    3'416

C:\Users\bjtuj\Desktop\2026_Electric_Design_Main\EWARM\2026_Electric_Design_Main\Obj\User: [6]
    oled.o                          1'092    6'901    6'712
    user.o                            936
    -------------------------------------------------------
    Total:                          2'028    6'901    6'712

dl7M_tlf.a: [7]
    abort.o                             6
    exit.o                              4
    low_level_init.o                    4
    sprintf.o                          64
    xfail_s.o                          64                 4
    xlocale_c.o                         8       12       56
    xprintffull_nomb.o              3'786
    xsprout.o                          10
    -------------------------------------------------------
    Total:                          3'946       12       60

m7M_tls.a: [8]
    DblAddSub.o                       590
    DblCmpGe.o                         52
    DblCmpLe.o                         52
    DblDiv.o                          582
    DblMul.o                          426
    DblToS32.o                         54
    DblToU32.o                         34
    S32ToDbl.o                         34
    U32ToDbl.o                         28
    fpinit_M.o                         34
    frexp.o                           112
    ldexp.o                           314
    -------------------------------------------------------
    Total:                          2'312

rt7M_tl.a: [9]
    ABImemcpy_small.o                  24
    ABImemset_small.o                  18
    I64DivMod.o                       560
    I64DivZer.o                         2
    cexit.o                            10
    cmain.o                            30
    cstartup_M.o                       28
    data_init.o                        40
    lz77_init_single.o                126
    memchr.o                           88
    memset.o                           20
    strchr.o                           22
    strlen.o                           54
    zero_init3.o                       56
    -------------------------------------------------------
    Total:                          1'078

shb_l.a: [10]
    exit.o                             20
    -------------------------------------------------------
    Total:                             20

    Gaps                               35        2
    Linker created                              32    1'024
-----------------------------------------------------------
    Grand Total:                   24'235    6'991   12'076


*******************************************************************************
*** ENTRY LIST
***

Entry                       Address    Size  Type      Object
-----                       -------    ----  ----      ------
.iar.init_table$$Base    0x800'7468           --   Gb  - Linker created -
.iar.init_table$$Limit   0x800'7488           --   Gb  - Linker created -
?main                    0x800'74a9          Code  Gb  cmain.o [9]
ADC1_2_IRQHandler        0x800'7571          Code  Wk  startup_stm32g474xx.o [1]
ADC3_IRQHandler          0x800'75e1          Code  Wk  startup_stm32g474xx.o [1]
ADC4_IRQHandler          0x800'7619          Code  Wk  startup_stm32g474xx.o [1]
ADC5_IRQHandler          0x800'761d          Code  Wk  startup_stm32g474xx.o [1]
ADC_DMAConvCplt          0x800'3da5    0x6c  Code  Gb  stm32g4xx_hal_adc.o [4]
ADC_DMAError             0x800'3e17    0x16  Code  Gb  stm32g4xx_hal_adc.o [4]
ADC_DMAHalfConvCplt      0x800'3e11     0x6  Code  Gb  stm32g4xx_hal_adc.o [4]
ADC_Enable               0x800'3cbb    0x8e  Code  Gb  stm32g4xx_hal_adc.o [4]
AHBPrescTable            0x800'7498    0x10  Data  Gb  system_stm32g4xx.o [3]
APBPrescTable            0x800'7524     0x8  Data  Gb  system_stm32g4xx.o [3]
BusFault_Handler         0x800'73f7     0x2  Code  Gb  stm32g4xx_it.o [2]
COMP1_2_3_IRQHandler     0x800'7625          Code  Wk  startup_stm32g474xx.o [1]
COMP4_5_6_IRQHandler     0x800'7629          Code  Wk  startup_stm32g474xx.o [1]
COMP7_IRQHandler         0x800'762d          Code  Wk  startup_stm32g474xx.o [1]
CORDIC_IRQHandler        0x800'76b1          Code  Wk  startup_stm32g474xx.o [1]
CRS_IRQHandler           0x800'7651          Code  Wk  startup_stm32g474xx.o [1]
CSTACK$$Base            0x2000'2b30           --   Gb  - Linker created -
CSTACK$$Limit           0x2000'2f30           --   Gb  - Linker created -
DMA1_Channel1_IRQHandler
                         0x800'73fd     0x6  Code  Gb  stm32g4xx_it.o [2]
DMA1_Channel2_IRQHandler
                         0x800'7403     0x6  Code  Gb  stm32g4xx_it.o [2]
DMA1_Channel3_IRQHandler
                         0x800'755d          Code  Wk  startup_stm32g474xx.o [1]
DMA1_Channel4_IRQHandler
                         0x800'7561          Code  Wk  startup_stm32g474xx.o [1]
DMA1_Channel5_IRQHandler
                         0x800'7565          Code  Wk  startup_stm32g474xx.o [1]
DMA1_Channel6_IRQHandler
                         0x800'7569          Code  Wk  startup_stm32g474xx.o [1]
DMA1_Channel7_IRQHandler
                         0x800'756d          Code  Wk  startup_stm32g474xx.o [1]
DMA1_Channel8_IRQHandler
                         0x800'76a1          Code  Wk  startup_stm32g474xx.o [1]
DMA2_Channel1_IRQHandler
                         0x800'7605          Code  Wk  startup_stm32g474xx.o [1]
DMA2_Channel2_IRQHandler
                         0x800'7609          Code  Wk  startup_stm32g474xx.o [1]
DMA2_Channel3_IRQHandler
                         0x800'760d          Code  Wk  startup_stm32g474xx.o [1]
DMA2_Channel4_IRQHandler
                         0x800'7611          Code  Wk  startup_stm32g474xx.o [1]
DMA2_Channel5_IRQHandler
                         0x800'7615          Code  Wk  startup_stm32g474xx.o [1]
DMA2_Channel6_IRQHandler
                         0x800'76a5          Code  Wk  startup_stm32g474xx.o [1]
DMA2_Channel7_IRQHandler
                         0x800'76a9          Code  Wk  startup_stm32g474xx.o [1]
DMA2_Channel8_IRQHandler
                         0x800'76ad          Code  Wk  startup_stm32g474xx.o [1]
DMAMUX_OVR_IRQHandler    0x800'7699          Code  Wk  startup_stm32g474xx.o [1]
DMA_CalcDMAMUXChannelBaseAndMask
                         0x800'43eb    0x36  Code  Lc  stm32g4xx_hal_dma.o [4]
DMA_CalcDMAMUXRequestGenBaseAndMask
                         0x800'4421    0x1c  Code  Lc  stm32g4xx_hal_dma.o [4]
DMA_SetConfig            0x800'43b3    0x38  Code  Lc  stm32g4xx_hal_dma.o [4]
Data                     0x800'56b5    0xe4  Code  Gb  app_freertos.o [2]
Data_FuctionHandle      0x2000'2af0     0x4  Data  Gb  app_freertos.o [2]
DebugMon_Handler         0x800'73fb     0x2  Code  Gb  stm32g4xx_it.o [2]
EXTI0_IRQHandler         0x800'7549          Code  Wk  startup_stm32g474xx.o [1]
EXTI15_10_IRQHandler     0x800'75c5          Code  Wk  startup_stm32g474xx.o [1]
EXTI1_IRQHandler         0x800'754d          Code  Wk  startup_stm32g474xx.o [1]
EXTI2_IRQHandler         0x800'7551          Code  Wk  startup_stm32g474xx.o [1]
EXTI3_IRQHandler         0x800'7555          Code  Wk  startup_stm32g474xx.o [1]
EXTI4_IRQHandler         0x800'7559          Code  Wk  startup_stm32g474xx.o [1]
EXTI9_5_IRQHandler       0x800'7585          Code  Wk  startup_stm32g474xx.o [1]
Error_Handler            0x800'455d     0x4  Code  Gb  main.o [2]
FDCAN1_IT0_IRQHandler    0x800'757d          Code  Wk  startup_stm32g474xx.o [1]
FDCAN1_IT1_IRQHandler    0x800'7581          Code  Wk  startup_stm32g474xx.o [1]
FDCAN2_IT0_IRQHandler    0x800'7679          Code  Wk  startup_stm32g474xx.o [1]
FDCAN2_IT1_IRQHandler    0x800'767d          Code  Wk  startup_stm32g474xx.o [1]
FDCAN3_IT0_IRQHandler    0x800'7681          Code  Wk  startup_stm32g474xx.o [1]
FDCAN3_IT1_IRQHandler    0x800'7685          Code  Wk  startup_stm32g474xx.o [1]
FLASH_IRQHandler         0x800'7541          Code  Wk  startup_stm32g474xx.o [1]
FMAC_IRQHandler          0x800'76b5          Code  Wk  startup_stm32g474xx.o [1]
FMC_IRQHandler           0x800'75e5          Code  Wk  startup_stm32g474xx.o [1]
FPU_IRQHandler           0x800'7669          Code  Wk  startup_stm32g474xx.o [1]
HAL_ADCEx_MultiModeConfigChannel
                         0x800'456f   0x120  Code  Gb  stm32g4xx_hal_adc_ex.o [4]
HAL_ADC_ConfigChannel    0x800'38d9   0x39e  Code  Gb  stm32g4xx_hal_adc.o [4]
HAL_ADC_ConvCpltCallback
                         0x800'446d     0x2  Code  Wk  stm32g4xx_hal_adc.o [4]
HAL_ADC_ConvHalfCpltCallback
                         0x800'4471     0x2  Code  Wk  stm32g4xx_hal_adc.o [4]
HAL_ADC_ErrorCallback    0x800'446f     0x2  Code  Wk  stm32g4xx_hal_adc.o [4]
HAL_ADC_Init             0x800'3587   0x212  Code  Gb  stm32g4xx_hal_adc.o [4]
HAL_ADC_MspInit          0x800'3f79   0x16a  Code  Gb  adc.o [2]
HAL_ADC_Start_DMA        0x800'3799    0xee  Code  Gb  stm32g4xx_hal_adc.o [4]
HAL_DMA_IRQHandler       0x800'42ef    0xb2  Code  Gb  stm32g4xx_hal_dma.o [4]
HAL_DMA_Init             0x800'4189    0x88  Code  Gb  stm32g4xx_hal_dma.o [4]
HAL_DMA_Start_IT         0x800'425d    0x88  Code  Gb  stm32g4xx_hal_dma.o [4]
HAL_Delay                0x800'55b5    0x28  Code  Wk  stm32g4xx_hal.o [4]
HAL_GPIO_Init            0x800'46c9   0x1bc  Code  Gb  stm32g4xx_hal_gpio.o [4]
HAL_GPIO_ReadPin         0x800'4885     0xc  Code  Gb  stm32g4xx_hal_gpio.o [4]
HAL_GPIO_WritePin        0x800'4891     0xa  Code  Gb  stm32g4xx_hal_gpio.o [4]
HAL_GetTick              0x800'4461     0xc  Code  Wk  stm32g4xx_hal.o [4]
HAL_I2CEx_ConfigAnalogFilter
                         0x800'65e1    0x2a  Code  Gb  stm32g4xx_hal_i2c_ex.o [4]
HAL_I2CEx_ConfigDigitalFilter
                         0x800'660b    0x26  Code  Gb  stm32g4xx_hal_i2c_ex.o [4]
HAL_I2C_Init             0x800'6119    0xa8  Code  Gb  stm32g4xx_hal_i2c.o [4]
HAL_I2C_Mem_Write        0x800'61d1    0xd2  Code  Gb  stm32g4xx_hal_i2c.o [4]
HAL_I2C_MspInit          0x800'4d09    0xaa  Code  Gb  i2c.o [2]
HAL_IncTick              0x800'5f8d    0x10  Code  Wk  stm32g4xx_hal.o [4]
HAL_Init                 0x800'4b49    0x1e  Code  Gb  stm32g4xx_hal.o [4]
HAL_InitTick             0x800'604d    0x78  Code  Gb  stm32g4xx_hal_timebase_tim.o [2]
HAL_MspInit              0x800'60d9    0x40  Code  Gb  stm32g4xx_hal_msp.o [2]
HAL_NVIC_EnableIRQ       0x800'6021    0x16  Code  Gb  stm32g4xx_hal_cortex.o [4]
HAL_NVIC_SetPriority     0x800'5fe5    0x3a  Code  Gb  stm32g4xx_hal_cortex.o [4]
HAL_NVIC_SetPriorityGrouping
                         0x800'5fcb    0x1a  Code  Gb  stm32g4xx_hal_cortex.o [4]
HAL_PWREx_ControlVoltageScaling
                         0x800'5895    0x52  Code  Gb  stm32g4xx_hal_pwr_ex.o [4]
HAL_PWREx_DisableUCPDDeadBattery
                         0x800'591f     0x2  Code  Gb  stm32g4xx_hal_pwr_ex.o [4]
HAL_RCCEx_PeriphCLKConfig
                         0x800'48bd   0x264  Code  Gb  stm32g4xx_hal_rcc_ex.o [4]
HAL_RCC_ADC12_CLK_ENABLED
                        0x2000'2af4     0x4  Data  Lc  adc.o [2]
HAL_RCC_ADC345_CLK_ENABLED
                        0x2000'2af8     0x4  Data  Lc  adc.o [2]
HAL_RCC_ClockConfig      0x800'5cfd   0x19e  Code  Gb  stm32g4xx_hal_rcc.o [4]
HAL_RCC_GetClockConfig   0x800'5f1d    0x36  Code  Gb  stm32g4xx_hal_rcc.o [4]
HAL_RCC_GetPCLK2Freq     0x800'5f05     0xe  Code  Gb  stm32g4xx_hal_rcc.o [4]
HAL_RCC_GetSysClockFreq
                         0x800'5ea7    0x5e  Code  Gb  stm32g4xx_hal_rcc.o [4]
HAL_RCC_OscConfig        0x800'5941   0x3a0  Code  Gb  stm32g4xx_hal_rcc.o [4]
HAL_TIMEx_Break2Callback
                         0x800'72cf     0x2  Code  Wk  stm32g4xx_hal_tim_ex.o [4]
HAL_TIMEx_BreakCallback
                         0x800'72cd     0x2  Code  Wk  stm32g4xx_hal_tim_ex.o [4]
HAL_TIMEx_CommutCallback
                         0x800'72d3     0x2  Code  Wk  stm32g4xx_hal_tim_ex.o [4]
HAL_TIMEx_DirectionChangeCallback
                         0x800'72d7     0x2  Code  Wk  stm32g4xx_hal_tim_ex.o [4]
HAL_TIMEx_EncoderIndexCallback
                         0x800'72d5     0x2  Code  Wk  stm32g4xx_hal_tim_ex.o [4]
HAL_TIMEx_IndexErrorCallback
                         0x800'72d9     0x2  Code  Wk  stm32g4xx_hal_tim_ex.o [4]
HAL_TIMEx_TransitionErrorCallback
                         0x800'72db     0x2  Code  Wk  stm32g4xx_hal_tim_ex.o [4]
HAL_TIM_Base_Init        0x800'6b79    0x1a  Code  Gb  stm32g4xx_hal_tim.o [4]
HAL_TIM_Base_MspInit     0x800'72c7     0x2  Code  Wk  stm32g4xx_hal_tim.o [4]
HAL_TIM_Base_Start_IT    0x800'6b93    0x7e  Code  Gb  stm32g4xx_hal_tim.o [4]
HAL_TIM_IC_CaptureCallback
                         0x800'72c9     0x2  Code  Wk  stm32g4xx_hal_tim.o [4]
HAL_TIM_IRQHandler       0x800'6c65   0x19a  Code  Gb  stm32g4xx_hal_tim.o [4]
HAL_TIM_OC_DelayElapsedCallback
                         0x800'72cb     0x2  Code  Wk  stm32g4xx_hal_tim.o [4]
HAL_TIM_PWM_PulseFinishedCallback
                         0x800'72dd     0x2  Code  Wk  stm32g4xx_hal_tim.o [4]
HAL_TIM_PeriodElapsedCallback
                         0x800'4541     0xe  Code  Gb  main.o [2]
HAL_TIM_TriggerCallback
                         0x800'72d1     0x2  Code  Wk  stm32g4xx_hal_tim.o [4]
HRTIM1_FLT_IRQHandler    0x800'7649          Code  Wk  startup_stm32g474xx.o [1]
HRTIM1_Master_IRQHandler
                         0x800'7631          Code  Wk  startup_stm32g474xx.o [1]
HRTIM1_TIMA_IRQHandler   0x800'7635          Code  Wk  startup_stm32g474xx.o [1]
HRTIM1_TIMB_IRQHandler   0x800'7639          Code  Wk  startup_stm32g474xx.o [1]
HRTIM1_TIMC_IRQHandler   0x800'763d          Code  Wk  startup_stm32g474xx.o [1]
HRTIM1_TIMD_IRQHandler   0x800'7641          Code  Wk  startup_stm32g474xx.o [1]
HRTIM1_TIME_IRQHandler   0x800'7645          Code  Wk  startup_stm32g474xx.o [1]
HRTIM1_TIMF_IRQHandler   0x800'764d          Code  Wk  startup_stm32g474xx.o [1]
HardFault_Handler        0x800'73f3     0x2  Code  Gb  stm32g4xx_it.o [2]
Hzk1                    0x2000'0000   0x360  Data  Gb  oled.o [6]
Hzk2                    0x2000'0360    0xd8  Data  Gb  oled.o [6]
Hzk3                    0x2000'0438   0x200  Data  Gb  oled.o [6]
Hzk4                    0x2000'0638  0x1000  Data  Gb  oled.o [6]
I2C1_ER_IRQHandler       0x800'75a5          Code  Wk  startup_stm32g474xx.o [1]
I2C1_EV_IRQHandler       0x800'75a1          Code  Wk  startup_stm32g474xx.o [1]
I2C2_ER_IRQHandler       0x800'75ad          Code  Wk  startup_stm32g474xx.o [1]
I2C2_EV_IRQHandler       0x800'75a9          Code  Wk  startup_stm32g474xx.o [1]
I2C3_ER_IRQHandler       0x800'7695          Code  Wk  startup_stm32g474xx.o [1]
I2C3_EV_IRQHandler       0x800'7691          Code  Wk  startup_stm32g474xx.o [1]
I2C4_ER_IRQHandler       0x800'7671          Code  Wk  startup_stm32g474xx.o [1]
I2C4_EV_IRQHandler       0x800'766d          Code  Wk  startup_stm32g474xx.o [1]
I2C_Flush_TXDR           0x800'63a5    0x1c  Code  Lc  stm32g4xx_hal_i2c.o [4]
I2C_IsErrorOccurred      0x800'64bd    0xea  Code  Lc  stm32g4xx_hal_i2c.o [4]
I2C_TransferConfig       0x800'65b3    0x26  Code  Lc  stm32g4xx_hal_i2c.o [4]
I2C_WaitOnFlagUntilTimeout
                         0x800'63c1    0x60  Code  Lc  stm32g4xx_hal_i2c.o [4]
I2C_WaitOnSTOPFlagUntilTimeout
                         0x800'6483    0x3a  Code  Lc  stm32g4xx_hal_i2c.o [4]
I2C_WaitOnTXISFlagUntilTimeout
                         0x800'6421    0x42  Code  Lc  stm32g4xx_hal_i2c.o [4]
KeyHandle               0x2000'2aec     0x4  Data  Gb  app_freertos.o [2]
Key_Scan                 0x800'560d    0xa8  Code  Gb  app_freertos.o [2]
Key_Scan{1}{2}::last_key
                        0x2000'2afe     0x1  Data  Lc  app_freertos.o [2]
LL_ADC_GetOffsetChannel
                         0x800'3535     0xe  Code  Lc  stm32g4xx_hal_adc.o [4]
LL_ADC_REG_IsTriggerSourceSWStart
                         0x800'3555     0xe  Code  Lc  stm32g4xx_hal_adc.o [4]
LL_ADC_SetChannelSamplingTime
                         0x800'3563    0x24  Code  Lc  stm32g4xx_hal_adc.o [4]
LL_ADC_SetOffsetState    0x800'3543    0x12  Code  Lc  stm32g4xx_hal_adc.o [4]
LPTIM1_IRQHandler        0x800'75e9          Code  Wk  startup_stm32g474xx.o [1]
LPUART1_IRQHandler       0x800'768d          Code  Wk  startup_stm32g474xx.o [1]
MX_ADC1_Init             0x800'3e2d    0x2e  Code  Gb  adc.o [2]
MX_ADC2_Init             0x800'3e5b    0x20  Code  Gb  adc.o [2]
MX_ADC3_Init             0x800'3eaf    0x26  Code  Gb  adc.o [2]
MX_ADC4_Init             0x800'3f03    0x18  Code  Gb  adc.o [2]
MX_DMA_Init              0x800'4c6d    0x50  Code  Gb  dma.o [2]
MX_FREERTOS_Init         0x800'55dd    0x26  Code  Gb  app_freertos.o [2]
MX_FREERTOS_Init::os_thread_def_Data_Fuction
                         0x800'582c    0x14  Data  Lc  app_freertos.o [2]
MX_FREERTOS_Init::os_thread_def_Key
                         0x800'5818    0x14  Data  Lc  app_freertos.o [2]
MX_FREERTOS_Init::os_thread_def_defaultTask
                         0x800'5804    0x14  Data  Lc  app_freertos.o [2]
MX_GPIO_Init             0x800'4b69    0xda  Code  Gb  gpio.o [2]
MX_I2C1_Init             0x800'4cbd    0x4c  Code  Gb  i2c.o [2]
MemManage_Handler        0x800'73f5     0x2  Code  Gb  stm32g4xx_it.o [2]
Mode_show                0x800'520d   0x27c  Code  Gb  user.o [6]
NMI_Handler              0x800'73f1     0x2  Code  Gb  stm32g4xx_it.o [2]
OLED_Clear               0x800'4e61    0x12  Code  Gb  oled.o [6]
OLED_ClearPoint          0x800'4ecb    0x2a  Code  Gb  oled.o [6]
OLED_ColorTurn           0x800'4dfb    0x16  Code  Gb  oled.o [6]
OLED_DrawPoint           0x800'4e8f    0x3c  Code  Gb  oled.o [6]
OLED_GRAM               0x2000'22ac   0x400  Data  Gb  oled.o [6]
OLED_Init                0x800'50f1    0xcc  Code  Gb  oled.o [6]
OLED_Refresh_Gram        0x800'4e21    0x40  Code  Gb  oled.o [6]
OLED_ShowChar            0x800'4ef5    0xb0  Code  Gb  oled.o [6]
OLED_ShowChinese         0x800'4fa5    0xec  Code  Gb  oled.o [6]
OLED_ShowString          0x800'50a1    0x50  Code  Gb  oled.o [6]
OLED_WR_Byte             0x800'4e11     0xa  Code  Gb  oled.o [6]
PVD_PVM_IRQHandler       0x800'7535          Code  Wk  startup_stm32g474xx.o [1]
PendSV_Handler           0x800'7309          Code  Gb  portasm.o [5]
QUADSPI_IRQHandler       0x800'769d          Code  Wk  startup_stm32g474xx.o [1]
RCC_IRQHandler           0x800'7545          Code  Wk  startup_stm32g474xx.o [1]
RNG_IRQHandler           0x800'7689          Code  Wk  startup_stm32g474xx.o [1]
RTC_Alarm_IRQHandler     0x800'75c9          Code  Wk  startup_stm32g474xx.o [1]
RTC_TAMP_LSECSS_IRQHandler
                         0x800'7539          Code  Wk  startup_stm32g474xx.o [1]
RTC_WKUP_IRQHandler      0x800'753d          Code  Wk  startup_stm32g474xx.o [1]
Region$$Table$$Base      0x800'7468           --   Gb  - Linker created -
Region$$Table$$Limit     0x800'7488           --   Gb  - Linker created -
Reset_Handler            0x800'7509          Code  Wk  startup_stm32g474xx.o [1]
SAI1_IRQHandler          0x800'7655          Code  Wk  startup_stm32g474xx.o [1]
SPI1_IRQHandler          0x800'75b1          Code  Wk  startup_stm32g474xx.o [1]
SPI2_IRQHandler          0x800'75b5          Code  Wk  startup_stm32g474xx.o [1]
SPI3_IRQHandler          0x800'75f1          Code  Wk  startup_stm32g474xx.o [1]
SPI4_IRQHandler          0x800'7675          Code  Wk  startup_stm32g474xx.o [1]
SVC_Handler              0x800'7361          Code  Gb  portasm.o [5]
StartDefaultTask         0x800'5603     0xa  Code  Gb  app_freertos.o [2]
SysTick_Handler          0x800'7275    0x26  Code  Gb  port.o [5]
SystemClock_Config       0x800'44d1    0x70  Code  Gb  main.o [2]
SystemCoreClock         0x2000'1650     0x4  Data  Gb  system_stm32g4xx.o [3]
SystemInit               0x800'7489     0xc  Code  Gb  system_stm32g4xx.o [3]
TIM1_BRK_TIM15_IRQHandler
                         0x800'7589          Code  Wk  startup_stm32g474xx.o [1]
TIM1_CC_IRQHandler       0x800'7591          Code  Wk  startup_stm32g474xx.o [1]
TIM1_TRG_COM_TIM17_IRQHandler
                         0x800'758d          Code  Wk  startup_stm32g474xx.o [1]
TIM1_UP_TIM16_IRQHandler
                         0x800'7409     0x6  Code  Gb  stm32g4xx_it.o [2]
TIM20_BRK_IRQHandler     0x800'7659          Code  Wk  startup_stm32g474xx.o [1]
TIM20_CC_IRQHandler      0x800'7665          Code  Wk  startup_stm32g474xx.o [1]
TIM20_TRG_COM_IRQHandler
                         0x800'7661          Code  Wk  startup_stm32g474xx.o [1]
TIM20_UP_IRQHandler      0x800'765d          Code  Wk  startup_stm32g474xx.o [1]
TIM2_IRQHandler          0x800'7595          Code  Wk  startup_stm32g474xx.o [1]
TIM3_IRQHandler          0x800'7599          Code  Wk  startup_stm32g474xx.o [1]
TIM4_IRQHandler          0x800'759d          Code  Wk  startup_stm32g474xx.o [1]
TIM5_IRQHandler          0x800'75ed          Code  Wk  startup_stm32g474xx.o [1]
TIM6_DAC_IRQHandler      0x800'75fd          Code  Wk  startup_stm32g474xx.o [1]
TIM7_DAC_IRQHandler      0x800'7601          Code  Wk  startup_stm32g474xx.o [1]
TIM8_BRK_IRQHandler      0x800'75d1          Code  Wk  startup_stm32g474xx.o [1]
TIM8_CC_IRQHandler       0x800'75dd          Code  Wk  startup_stm32g474xx.o [1]
TIM8_TRG_COM_IRQHandler
                         0x800'75d9          Code  Wk  startup_stm32g474xx.o [1]
TIM8_UP_IRQHandler       0x800'75d5          Code  Wk  startup_stm32g474xx.o [1]
TIM_Base_SetConfig       0x800'6e0d    0xc4  Code  Gb  stm32g4xx_hal_tim.o [4]
UART4_IRQHandler         0x800'75f5          Code  Wk  startup_stm32g474xx.o [1]
UART5_IRQHandler         0x800'75f9          Code  Wk  startup_stm32g474xx.o [1]
UCPD1_IRQHandler         0x800'7621          Code  Wk  startup_stm32g474xx.o [1]
USART1_IRQHandler        0x800'75b9          Code  Wk  startup_stm32g474xx.o [1]
USART2_IRQHandler        0x800'75bd          Code  Wk  startup_stm32g474xx.o [1]
USART3_IRQHandler        0x800'75c1          Code  Wk  startup_stm32g474xx.o [1]
USBWakeUp_IRQHandler     0x800'75cd          Code  Wk  startup_stm32g474xx.o [1]
USB_HP_IRQHandler        0x800'7575          Code  Wk  startup_stm32g474xx.o [1]
USB_LP_IRQHandler        0x800'7579          Code  Wk  startup_stm32g474xx.o [1]
UsageFault_Handler       0x800'73f9     0x2  Code  Gb  stm32g4xx_it.o [2]
WWDG_IRQHandler          0x800'7531          Code  Wk  startup_stm32g474xx.o [1]
WriteCmd                 0x800'4dc9     0xc  Code  Gb  oled.o [6]
WriteDat                 0x800'4dd5     0xa  Code  Gb  oled.o [6]
_LC                      0x800'1999     0x6  Code  Lc  xprintffull_nomb.o [7]
_LitobFullNoMb           0x800'2681   0x114  Code  Lc  xprintffull_nomb.o [7]
_Locale_lconv           0x2000'1654    0x38  Data  Lc  xlocale_c.o [7]
_PrintfFullNoMb          0x800'199f   0xcb4  Code  Gb  xprintffull_nomb.o [7]
_PutcharsFullNoMb        0x800'27ed    0x2e  Code  Lc  xprintffull_nomb.o [7]
_SProut                  0x800'28f7     0xa  Code  Gb  xsprout.o [7]
__NVIC_SetPriority       0x800'5fb1    0x1a  Code  Lc  stm32g4xx_hal_cortex.o [4]
__aeabi_cdcmple          0x800'2a59          Code  Gb  DblCmpLe.o [8]
__aeabi_cdrcmple         0x800'2a8d          Code  Gb  DblCmpGe.o [8]
__aeabi_d2iz             0x800'2bfd          Code  Gb  DblToS32.o [8]
__aeabi_d2uiz            0x800'30f1          Code  Gb  DblToU32.o [8]
__aeabi_ddiv             0x800'2ea9          Code  Gb  DblDiv.o [8]
__aeabi_dmul             0x800'3131          Code  Gb  DblMul.o [8]
__aeabi_dsub             0x800'2dc5          Code  Gb  DblAddSub.o [8]
__aeabi_i2d              0x800'2c35          Code  Gb  S32ToDbl.o [8]
__aeabi_ldiv0            0x800'351d          Code  Gb  I64DivZer.o [9]
__aeabi_ui2d             0x800'3115          Code  Gb  U32ToDbl.o [8]
__aeabi_uldivmod         0x800'32e5          Code  Gb  I64DivMod.o [9]
__cmain                  0x800'74a9          Code  Gb  cmain.o [9]
__exit                   0x800'3521    0x14  Code  Gb  exit.o [10]
__iar_Fail_s             0x800'2901    0x1c  Code  Gb  xfail_s.o [7]
__iar_Memchr             0x800'2979          Code  Gb  memchr.o [9]
__iar_Strchr             0x800'28e1          Code  Gb  strchr.o [9]
__iar_data_init3         0x800'741d    0x28  Code  Gb  data_init.o [9]
__iar_frexp              0x800'29f5          Code  Gb  frexp.o [8]
__iar_frexpl             0x800'29f5          Code  Gb  frexp.o [8]
__iar_init_vfp           0x800'7445          Code  Gb  fpinit_M.o [8]
__iar_ldexp64            0x800'2ac1          Code  Gb  ldexp.o [8]
__iar_lz77_init_single3
                         0x800'2863    0x7e  Code  Gb  lz77_init_single.o [9]
__iar_program_start      0x800'74dd          Code  Gb  cstartup_M.o [9]
__iar_scalbln64          0x800'2ac1          Code  Gb  ldexp.o [8]
__iar_scalbn64           0x800'2ac1          Code  Gb  ldexp.o [8]
__iar_small_Memcpy       0x800'29d5          Code  Gb  ABImemcpy_small.o [9]
__iar_small_Memset       0x800'5f9d          Code  Gb  ABImemset_small.o [9]
__iar_small_Memset_word
                         0x800'5f9d          Code  Gb  ABImemset_small.o [9]
__iar_small_memcpy       0x800'29d1          Code  Gb  ABImemcpy_small.o [9]
__iar_small_memcpy4      0x800'29d1          Code  Gb  ABImemcpy_small.o [9]
__iar_small_memcpy8      0x800'29d1          Code  Gb  ABImemcpy_small.o [9]
__iar_small_memset       0x800'5f9d          Code  Gb  ABImemset_small.o [9]
__iar_softfp___iar_frexp64
                         0x800'29e9          Code  Gb  frexp.o [8]
__iar_softfp_frexp       0x800'29e9          Code  Gb  frexp.o [8]
__iar_softfp_frexpl      0x800'29e9          Code  Gb  frexp.o [8]
__iar_zero_init3         0x800'73b9    0x38  Code  Gb  zero_init3.o [9]
__low_level_init         0x800'74c7     0x4  Code  Gb  low_level_init.o [7]
__vector_table           0x800'0000          Data  Gb  startup_stm32g474xx.o [1]
_call_main               0x800'74b5          Code  Gb  cmain.o [9]
_exit                    0x800'74d1          Code  Gb  cexit.o [9]
abort                    0x800'3515     0x6  Code  Gb  abort.o [7]
asc2_1206                0x800'01d8   0x474  Data  Gb  oled.o [6]
asc2_1608                0x800'064c   0x5f0  Data  Gb  oled.o [6]
asc2_2412                0x800'0c3c   0xd5c  Data  Gb  oled.o [6]
current_key             0x2000'2afd     0x1  Data  Gb  app_freertos.o [2]
defaultTaskHandle       0x2000'2ae8     0x4  Data  Gb  app_freertos.o [2]
e                       0x2000'2b04     0x4  Data  Gb  app_freertos.o [2]
exit                     0x800'74cb     0x4  Code  Gb  exit.o [7]
hadc1                   0x2000'2898    0x6c  Data  Gb  adc.o [2]
hadc2                   0x2000'2904    0x6c  Data  Gb  adc.o [2]
hadc3                   0x2000'2970    0x6c  Data  Gb  adc.o [2]
hadc4                   0x2000'29dc    0x6c  Data  Gb  adc.o [2]
hdma_adc1               0x2000'26ac    0x60  Data  Gb  adc.o [2]
hdma_adc2               0x2000'270c    0x60  Data  Gb  adc.o [2]
hi2c1                   0x2000'2a48    0x54  Data  Gb  i2c.o [2]
htim1                   0x2000'2a9c    0x4c  Data  Gb  stm32g4xx_hal_timebase_tim.o [2]
key_state               0x2000'2afc     0x1  Data  Gb  app_freertos.o [2]
key_time                0x2000'2b00     0x4  Data  Gb  app_freertos.o [2]
ldexp                    0x800'2ac1          Code  Gb  ldexp.o [8]
ldexpl                   0x800'2ac1          Code  Gb  ldexp.o [8]
localeconv               0x800'32dd     0x4  Code  Gb  xlocale_c.o [7]
main                     0x800'4475    0x5c  Code  Gb  main.o [2]
makeFreeRtosPriority     0x800'5841     0xc  Code  Lc  cmsis_os.o [5]
memchr                   0x800'2979          Code  Gb  memchr.o [9]
memset                   0x800'46b5    0x14  Code  Gb  memset.o [9]
mode                    0x2000'2b28     0x1  Data  Gb  main.o [2]
osDelay                  0x800'5885     0xe  Code  Gb  cmsis_os.o [5]
osKernelStart            0x800'584d     0xa  Code  Gb  cmsis_os.o [5]
osThreadCreate           0x800'5857    0x2e  Code  Gb  cmsis_os.o [5]
prvAddCurrentTaskToDelayedList
                         0x800'6afd    0x5e  Code  Lc  tasks.o [5]
prvDeleteTCB             0x800'6a8b    0x14  Code  Lc  tasks.o [5]
prvIdleTask              0x800'6a49    0x42  Code  Lc  tasks.o [5]
prvInsertBlockIntoFreeList
                         0x800'705f    0x46  Code  Lc  heap_4.o [5]
prvResetNextTaskUnblockTime
                         0x800'6a9f    0x1a  Code  Lc  tasks.o [5]
prvTaskExitError         0x800'7165    0x1c  Code  Lc  port.o [5]
pvPortMalloc             0x800'6ef9   0x104  Code  Gb  heap_4.o [5]
pxCurrentTCB            0x2000'2794     0x4  Data  Gb  tasks.o [5]
pxDelayedTaskList       0x2000'2798     0x4  Data  Lc  tasks.o [5]
pxEnd                   0x2000'1694     0x4  Data  Lc  heap_4.o [5]
pxOverflowDelayedTaskList
                        0x2000'279c     0x4  Data  Lc  tasks.o [5]
pxPortInitialiseStack    0x800'713d    0x26  Code  Gb  port.o [5]
pxReadyTasksLists       0x2000'280c    0x8c  Data  Lc  tasks.o [5]
r_mode                  0x2000'2b2a     0x1  Data  Gb  main.o [2]
scalbln                  0x800'2ac1          Code  Gb  ldexp.o [8]
scalblnl                 0x800'2ac1          Code  Gb  ldexp.o [8]
scalbn                   0x800'2ac1          Code  Gb  ldexp.o [8]
scalbnl                  0x800'2ac1          Code  Gb  ldexp.o [8]
scale                    0x800'2795    0x46  Code  Lc  xprintffull_nomb.o [7]
sec_hand                0x2000'2b24     0x4  Data  Lc  xfail_s.o [7]
show_one_decimal         0x800'51bd    0x48  Code  Gb  oled.o [6]
sprintf                  0x800'6661    0x40  Code  Gb  sprintf.o [7]
start                   0x2000'2b2b     0x1  Data  Gb  main.o [2]
strchr                   0x800'28e1          Code  Gb  strchr.o [9]
strlen                   0x800'2941          Code  Gb  strlen.o [9]
ucHeap                  0x2000'16ac   0xc00  Data  Lc  heap_4.o [5]
ucMaxSysCallPriority    0x2000'1638     0x1  Data  Lc  port.o [5]
ulMaxPRIGROUPValue      0x2000'1640     0x4  Data  Lc  port.o [5]
uwTick                  0x2000'1644     0x4  Data  Gb  stm32g4xx_hal.o [4]
uwTickFreq              0x2000'164c     0x4  Data  Gb  stm32g4xx_hal.o [4]
uwTickPrio              0x2000'1648     0x4  Data  Gb  stm32g4xx_hal.o [4]
uxCriticalNesting       0x2000'163c     0x4  Data  Lc  port.o [5]
uxCurrentNumberOfTasks  0x2000'27b8     0x4  Data  Lc  tasks.o [5]
uxDeletedTasksWaitingCleanUp
                        0x2000'27a0     0x4  Data  Lc  tasks.o [5]
uxListRemove             0x800'7115    0x26  Code  Gb  list.o [5]
uxSchedulerSuspended    0x2000'27dc     0x4  Data  Lc  tasks.o [5]
uxTaskNumber            0x2000'27d4     0x4  Data  Lc  tasks.o [5]
uxTopReadyPriority      0x2000'27c0     0x4  Data  Lc  tasks.o [5]
v2                      0x2000'2b1c     0x4  Data  Gb  main.o [2]
v20                     0x2000'2b0c     0x4  Data  Gb  main.o [2]
v20_sum                 0x2000'2b14     0x4  Data  Gb  main.o [2]
v20_true                0x2000'2b10     0x4  Data  Gb  main.o [2]
v2_sum                  0x2000'2b20     0x4  Data  Gb  main.o [2]
v2_true                 0x2000'2b18     0x4  Data  Gb  main.o [2]
vListInitialise          0x800'70a9    0x1a  Code  Gb  list.o [5]
vListInitialiseItem      0x800'70c3     0x6  Code  Gb  list.o [5]
vListInsert              0x800'70e3    0x32  Code  Gb  list.o [5]
vListInsertEnd           0x800'70c9    0x1a  Code  Gb  list.o [5]
vPortEnableVFP           0x800'739d          Code  Gb  portasm.o [5]
vPortEnterCritical       0x800'7221    0x32  Code  Gb  port.o [5]
vPortExitCritical        0x800'7253    0x22  Code  Gb  port.o [5]
vPortFree                0x800'700b    0x54  Code  Gb  heap_4.o [5]
vPortSetupTimerInterrupt
                         0x800'72e1    0x28  Code  Wk  port.o [5]
vPortStartFirstTask      0x800'737d          Code  Gb  portasm.o [5]
vTaskDelay               0x800'67df    0x2e  Code  Gb  tasks.o [5]
vTaskStartScheduler      0x800'6815    0x56  Code  Gb  tasks.o [5]
vTaskSuspendAll          0x800'686b     0xc  Code  Gb  tasks.o [5]
vTaskSwitchContext       0x800'69dd    0x52  Code  Gb  tasks.o [5]
v_mode                  0x2000'2b29     0x1  Data  Gb  main.o [2]
xBlockAllocatedBit      0x2000'16a8     0x4  Data  Lc  heap_4.o [5]
xDelayedTaskList1       0x2000'27e0    0x14  Data  Lc  tasks.o [5]
xDelayedTaskList2       0x2000'27f4    0x14  Data  Lc  tasks.o [5]
xFreeBytesRemaining     0x2000'1698     0x4  Data  Lc  heap_4.o [5]
xIdleTaskHandle         0x2000'2808     0x4  Data  Lc  tasks.o [5]
xMinimumEverFreeBytesRemaining
                        0x2000'169c     0x4  Data  Lc  heap_4.o [5]
xNextTaskUnblockTime    0x2000'27d8     0x4  Data  Lc  tasks.o [5]
xNumOfOverflows         0x2000'27d0     0x4  Data  Lc  tasks.o [5]
xNumberOfSuccessfulAllocations
                        0x2000'16a0     0x4  Data  Lc  heap_4.o [5]
xNumberOfSuccessfulFrees
                        0x2000'16a4     0x4  Data  Lc  heap_4.o [5]
xPendedTicks            0x2000'27c8     0x4  Data  Lc  tasks.o [5]
xPendingReadyList       0x2000'276c    0x14  Data  Lc  tasks.o [5]
xPortStartScheduler      0x800'7181    0xa0  Code  Gb  port.o [5]
xSchedulerRunning       0x2000'27c4     0x4  Data  Lc  tasks.o [5]
xStart                  0x2000'168c     0x8  Data  Lc  heap_4.o [5]
xSuspendedTaskList      0x2000'27a4    0x14  Data  Lc  tasks.o [5]
xTaskCreate              0x800'66a1   0x13e  Code  Gb  tasks.o [5]
xTaskIncrementTick       0x800'691b    0xc2  Code  Gb  tasks.o [5]
xTaskResumeAll           0x800'6877    0x9c  Code  Gb  tasks.o [5]
xTasksWaitingTermination
                        0x2000'2780    0x14  Data  Lc  tasks.o [5]
xTickCount              0x2000'27bc     0x4  Data  Lc  tasks.o [5]
xYieldPending           0x2000'27cc     0x4  Data  Lc  tasks.o [5]
y                       0x2000'2b08     0x4  Data  Gb  app_freertos.o [2]


[1] = C:\Users\bjtuj\Desktop\2026_Electric_Design_Main\EWARM\2026_Electric_Design_Main\Obj\Application\EWARM
[2] = C:\Users\bjtuj\Desktop\2026_Electric_Design_Main\EWARM\2026_Electric_Design_Main\Obj\Application\User\Core
[3] = C:\Users\bjtuj\Desktop\2026_Electric_Design_Main\EWARM\2026_Electric_Design_Main\Obj\Drivers\CMSIS
[4] = C:\Users\bjtuj\Desktop\2026_Electric_Design_Main\EWARM\2026_Electric_Design_Main\Obj\Drivers\STM32G4xx_HAL_Driver
[5] = C:\Users\bjtuj\Desktop\2026_Electric_Design_Main\EWARM\2026_Electric_Design_Main\Obj\Middlewares\FreeRTOS
[6] = C:\Users\bjtuj\Desktop\2026_Electric_Design_Main\EWARM\2026_Electric_Design_Main\Obj\User
[7] = dl7M_tlf.a
[8] = m7M_tls.a
[9] = rt7M_tl.a
[10] = shb_l.a

  24'235 bytes of readonly  code memory
   6'991 bytes of readonly  data memory
  12'076 bytes of readwrite data memory

Errors: none
Warnings: none
